Archive member included to satisfy reference by file (symbol)

d:/renesas/ra/e2studio_v2023-04_fsp_v4.4.0/toolchains/gcc_arm/gcc-arm-none-eabi-10.3-2021.10/bin/../lib/gcc/arm-none-eabi/10.3.1/thumb/v8-m.base/nofp\libgcc.a(_aeabi_ldivmod.o)
                              ./ra/fsp/src/r_sci_uart/r_sci_uart.o (__aeabi_ldivmod)
d:/renesas/ra/e2studio_v2023-04_fsp_v4.4.0/toolchains/gcc_arm/gcc-arm-none-eabi-10.3-2021.10/bin/../lib/gcc/arm-none-eabi/10.3.1/thumb/v8-m.base/nofp\libgcc.a(_muldi3.o)
                              ./ra/fsp/src/r_sci_uart/r_sci_uart.o (__aeabi_lmul)
d:/renesas/ra/e2studio_v2023-04_fsp_v4.4.0/toolchains/gcc_arm/gcc-arm-none-eabi-10.3-2021.10/bin/../lib/gcc/arm-none-eabi/10.3.1/thumb/v8-m.base/nofp\libgcc.a(bpabi.o)
                              d:/renesas/ra/e2studio_v2023-04_fsp_v4.4.0/toolchains/gcc_arm/gcc-arm-none-eabi-10.3-2021.10/bin/../lib/gcc/arm-none-eabi/10.3.1/thumb/v8-m.base/nofp\libgcc.a(_aeabi_ldivmod.o) (__gnu_ldivmod_helper)
d:/renesas/ra/e2studio_v2023-04_fsp_v4.4.0/toolchains/gcc_arm/gcc-arm-none-eabi-10.3-2021.10/bin/../lib/gcc/arm-none-eabi/10.3.1/thumb/v8-m.base/nofp\libgcc.a(_dvmd_tls.o)
                              d:/renesas/ra/e2studio_v2023-04_fsp_v4.4.0/toolchains/gcc_arm/gcc-arm-none-eabi-10.3-2021.10/bin/../lib/gcc/arm-none-eabi/10.3.1/thumb/v8-m.base/nofp\libgcc.a(_aeabi_ldivmod.o) (__aeabi_ldiv0)
d:/renesas/ra/e2studio_v2023-04_fsp_v4.4.0/toolchains/gcc_arm/gcc-arm-none-eabi-10.3-2021.10/bin/../lib/gcc/arm-none-eabi/10.3.1/thumb/v8-m.base/nofp\libgcc.a(_divdi3.o)
                              d:/renesas/ra/e2studio_v2023-04_fsp_v4.4.0/toolchains/gcc_arm/gcc-arm-none-eabi-10.3-2021.10/bin/../lib/gcc/arm-none-eabi/10.3.1/thumb/v8-m.base/nofp\libgcc.a(bpabi.o) (__divdi3)
d:/renesas/ra/e2studio_v2023-04_fsp_v4.4.0/toolchains/gcc_arm/gcc-arm-none-eabi-10.3-2021.10/bin/../lib/gcc/arm-none-eabi/10.3.1/thumb/v8-m.base/nofp\libgcc.a(_clzsi2.o)
                              d:/renesas/ra/e2studio_v2023-04_fsp_v4.4.0/toolchains/gcc_arm/gcc-arm-none-eabi-10.3-2021.10/bin/../lib/gcc/arm-none-eabi/10.3.1/thumb/v8-m.base/nofp\libgcc.a(_divdi3.o) (__clzsi2)
d:/renesas/ra/e2studio_v2023-04_fsp_v4.4.0/toolchains/gcc_arm/gcc-arm-none-eabi-10.3-2021.10/bin/../lib/gcc/arm-none-eabi/10.3.1/../../../../arm-none-eabi/lib/thumb/v8-m.base/nofp\libg_nano.a(lib_a-errno.o)
                              ./ra/fsp/src/bsp/mcu/all/bsp_sbrk.o (__errno)
d:/renesas/ra/e2studio_v2023-04_fsp_v4.4.0/toolchains/gcc_arm/gcc-arm-none-eabi-10.3-2021.10/bin/../lib/gcc/arm-none-eabi/10.3.1/../../../../arm-none-eabi/lib/thumb/v8-m.base/nofp\libg_nano.a(lib_a-exit.o)
                              d:/renesas/ra/e2studio_v2023-04_fsp_v4.4.0/toolchains/gcc_arm/gcc-arm-none-eabi-10.3-2021.10/bin/../lib/gcc/arm-none-eabi/10.3.1/../../../../arm-none-eabi/lib/thumb/v8-m.base/nofp/crt0.o (exit)
d:/renesas/ra/e2studio_v2023-04_fsp_v4.4.0/toolchains/gcc_arm/gcc-arm-none-eabi-10.3-2021.10/bin/../lib/gcc/arm-none-eabi/10.3.1/../../../../arm-none-eabi/lib/thumb/v8-m.base/nofp\libg_nano.a(lib_a-impure.o)
                              d:/renesas/ra/e2studio_v2023-04_fsp_v4.4.0/toolchains/gcc_arm/gcc-arm-none-eabi-10.3-2021.10/bin/../lib/gcc/arm-none-eabi/10.3.1/../../../../arm-none-eabi/lib/thumb/v8-m.base/nofp\libg_nano.a(lib_a-exit.o) (_global_impure_ptr)
d:/renesas/ra/e2studio_v2023-04_fsp_v4.4.0/toolchains/gcc_arm/gcc-arm-none-eabi-10.3-2021.10/bin/../lib/gcc/arm-none-eabi/10.3.1/../../../../arm-none-eabi/lib/thumb/v8-m.base/nofp\libg_nano.a(lib_a-init.o)
                              d:/renesas/ra/e2studio_v2023-04_fsp_v4.4.0/toolchains/gcc_arm/gcc-arm-none-eabi-10.3-2021.10/bin/../lib/gcc/arm-none-eabi/10.3.1/../../../../arm-none-eabi/lib/thumb/v8-m.base/nofp/crt0.o (__libc_init_array)
d:/renesas/ra/e2studio_v2023-04_fsp_v4.4.0/toolchains/gcc_arm/gcc-arm-none-eabi-10.3-2021.10/bin/../lib/gcc/arm-none-eabi/10.3.1/../../../../arm-none-eabi/lib/thumb/v8-m.base/nofp\libg_nano.a(lib_a-memcmp.o)
                              ./src/flash_smg.o (memcmp)
d:/renesas/ra/e2studio_v2023-04_fsp_v4.4.0/toolchains/gcc_arm/gcc-arm-none-eabi-10.3-2021.10/bin/../lib/gcc/arm-none-eabi/10.3.1/../../../../arm-none-eabi/lib/thumb/v8-m.base/nofp\libg_nano.a(lib_a-memcpy-stub.o)
                              ./ra/fsp/src/r_sci_uart/r_sci_uart.o (memcpy)
d:/renesas/ra/e2studio_v2023-04_fsp_v4.4.0/toolchains/gcc_arm/gcc-arm-none-eabi-10.3-2021.10/bin/../lib/gcc/arm-none-eabi/10.3.1/../../../../arm-none-eabi/lib/thumb/v8-m.base/nofp\libg_nano.a(lib_a-memset.o)
                              d:/renesas/ra/e2studio_v2023-04_fsp_v4.4.0/toolchains/gcc_arm/gcc-arm-none-eabi-10.3-2021.10/bin/../lib/gcc/arm-none-eabi/10.3.1/../../../../arm-none-eabi/lib/thumb/v8-m.base/nofp/crt0.o (memset)
d:/renesas/ra/e2studio_v2023-04_fsp_v4.4.0/toolchains/gcc_arm/gcc-arm-none-eabi-10.3-2021.10/bin/../lib/gcc/arm-none-eabi/10.3.1/../../../../arm-none-eabi/lib/thumb/v8-m.base/nofp\libg_nano.a(lib_a-nano-vfprintf_float.o)
[...]
Memory Configuration

Name             Origin             Length             Attributes
ITCM             0x00000000         0x00000000         xr
DTCM             0x00000000         0x00000000         xrw
FLASH            0x00000000         0x00010000         xr
RAM              0x20004000         0x00004000         xrw
DATA_FLASH       0x40100000         0x00001000         xr
QSPI_FLASH       0x60000000         0x00000000         xr
OSPI_DEVICE_0    0x80020000         0x00000000         xr
OSPI_DEVICE_1    0x80030000         0x00000000         xr
OSPI_DEVICE_0_RAM 0x80020000         0x00000000         xrw
OSPI_DEVICE_1_RAM 0x80030000         0x00000000         xrw
SDRAM            0x80010000         0x00000000         xrw
OPTION_SETTING   0x00000000         0x00000000         r
OPTION_SETTING_OFS 0x00000000         0x00000018         r
OPTION_SETTING_SAS 0x00000034         0xffffffcc         r
OPTION_SETTING_S 0x80000000         0x00000000         r
ID_CODE          0x01010018         0x00000020         xr
*default*        0x00000000         0xffffffff

Linker script and memory map

LOAD d:/renesas/ra/e2studio_v2023-04_fsp_v4.4.0/toolchains/gcc_arm/gcc-arm-none-eabi-10.3-2021.10/bin/../lib/gcc/arm-none-eabi/10.3.1/thumb/v8-m.base/nofp/crti.o
LOAD d:/renesas/ra/e2studio_v2023-04_fsp_v4.4.0/toolchains/gcc_arm/gcc-arm-none-eabi-10.3-2021.10/bin/../lib/gcc/arm-none-eabi/10.3.1/thumb/v8-m.base/nofp/crtbegin.o
LOAD d:/renesas/ra/e2studio_v2023-04_fsp_v4.4.0/toolchains/gcc_arm/gcc-arm-none-eabi-10.3-2021.10/bin/../lib/gcc/arm-none-eabi/10.3.1/../../../../arm-none-eabi/lib/thumb/v8-m.base/nofp/crt0.o
START GROUP
LOAD ./src/beep.o
LOAD ./src/dht11.o
LOAD ./src/flash_smg.o
LOAD ./src/hal_entry.o
LOAD ./src/smg.o
LOAD ./src/timer_smg.o
LOAD ./ra_gen/common_data.o
LOAD ./ra_gen/hal_data.o
LOAD ./ra_gen/main.o
LOAD ./ra_gen/pin_data.o
LOAD ./ra_gen/vector_data.o
LOAD ./ra/fsp/src/rm_touch/rm_touch.o
LOAD ./ra/fsp/src/r_sci_uart/r_sci_uart.o
LOAD ./ra/fsp/src/r_rtc/r_rtc.o
LOAD ./ra/fsp/src/r_ioport/r_ioport.o
LOAD ./ra/fsp/src/r_gpt/r_gpt.o
LOAD ./ra/fsp/src/r_flash_lp/r_flash_lp.o
LOAD ./ra/fsp/src/r_ctsu/r_ctsu.o
LOAD ./ra/fsp/src/bsp/mcu/all/bsp_clocks.o
LOAD ./ra/fsp/src/bsp/mcu/all/bsp_common.o
LOAD ./ra/fsp/src/bsp/mcu/all/bsp_delay.o
LOAD ./ra/fsp/src/bsp/mcu/all/bsp_group_irq.o
LOAD ./ra/fsp/src/bsp/mcu/all/bsp_guard.o
LOAD ./ra/fsp/src/bsp/mcu/all/bsp_io.o
LOAD ./ra/fsp/src/bsp/mcu/all/bsp_irq.o
LOAD ./ra/fsp/src/bsp/mcu/all/bsp_register_protection.o
LOAD ./ra/fsp/src/bsp/mcu/all/bsp_rom_registers.o
LOAD ./ra/fsp/src/bsp/mcu/all/bsp_sbrk.o
LOAD ./ra/fsp/src/bsp/mcu/all/bsp_security.o
LOAD ./ra/fsp/src/bsp/cmsis/Device/RENESAS/Source/startup.o
LOAD ./ra/fsp/src/bsp/cmsis/Device/RENESAS/Source/system.o
LOAD ./qe_gen/qe_touch_config.o
LOAD ./qe_gen/qe_touch_sample.o
END GROUP
START GROUP
LOAD d:/renesas/ra/e2studio_v2023-04_fsp_v4.4.0/toolchains/gcc_arm/gcc-arm-none-eabi-10.3-2021.10/bin/../lib/gcc/arm-none-eabi/10.3.1/thumb/v8-m.base/nofp\libgcc.a
LOAD d:/renesas/ra/e2studio_v2023-04_fsp_v4.4.0/toolchains/gcc_arm/gcc-arm-none-eabi-10.3-2021.10/bin/../lib/gcc/arm-none-eabi/10.3.1/../../../../arm-none-eabi/lib/thumb/v8-m.base/nofp\libg_nano.a
LOAD d:/renesas/ra/e2studio_v2023-04_fsp_v4.4.0/toolchains/gcc_arm/gcc-arm-none-eabi-10.3-2021.10/bin/../lib/gcc/arm-none-eabi/10.3.1/../../../../arm-none-eabi/lib/thumb/v8-m.base/nofp\libc_nano.a
END GROUP
START GROUP
LOAD d:/renesas/ra/e2studio_v2023-04_fsp_v4.4.0/toolchains/gcc_arm/gcc-arm-none-eabi-10.3-2021.10/bin/../lib/gcc/arm-none-eabi/10.3.1/thumb/v8-m.base/nofp\libgcc.a
LOAD d:/renesas/ra/e2studio_v2023-04_fsp_v4.4.0/toolchains/gcc_arm/gcc-arm-none-eabi-10.3-2021.10/bin/../lib/gcc/arm-none-eabi/10.3.1/../../../../arm-none-eabi/lib/thumb/v8-m.base/nofp\libc_nano.a
END GROUP
LOAD d:/renesas/ra/e2studio_v2023-04_fsp_v4.4.0/toolchains/gcc_arm/gcc-arm-none-eabi-10.3-2021.10/bin/../lib/gcc/arm-none-eabi/10.3.1/thumb/v8-m.base/nofp/crtend.o
LOAD d:/renesas/ra/e2studio_v2023-04_fsp_v4.4.0/toolchains/gcc_arm/gcc-arm-none-eabi-10.3-2021.10/bin/../lib/gcc/arm-none-eabi/10.3.1/thumb/v8-m.base/nofp/crtn.o
                0x20004000                RAM_START = 0x20004000
                0x00004000                RAM_LENGTH = 0x4000
                0x00000000                FLASH_START = 0x0
                0x00010000                FLASH_LENGTH = 0x10000
                0x40100000                DATA_FLASH_START = 0x40100000
                0x00001000                DATA_FLASH_LENGTH = 0x1000
                0x00000000                OPTION_SETTING_START = 0x0
                0x00000000                OPTION_SETTING_LENGTH = 0x0
                0x80000000                OPTION_SETTING_S_START = 0x80000000
                0x00000000                OPTION_SETTING_S_LENGTH = 0x0
                0x01010018                ID_CODE_START = 0x1010018
                0x00000020                ID_CODE_LENGTH = 0x20
                0x80010000                SDRAM_START = 0x80010000
                0x00000000                SDRAM_LENGTH = 0x0
                0x60000000                QSPI_FLASH_START = 0x60000000
                0x00000000                QSPI_FLASH_LENGTH = 0x0
                0x80020000                OSPI_DEVICE_0_START = 0x80020000
                0x00000000                OSPI_DEVICE_0_LENGTH = 0x0
                0x80030000                OSPI_DEVICE_1_START = 0x80030000
                0x00000000                OSPI_DEVICE_1_LENGTH = 0x0
                0x00000000                QSPI_FLASH_PRV_LENGTH = DEFINED (QSPI_FLASH_SIZE)?ABSOLUTE (QSPI_FLASH_SIZE):ABSOLUTE (QSPI_FLASH_LENGTH)
                0x00000000                OSPI_DEVICE_0_PRV_LENGTH = DEFINED (OSPI_DEVICE_0_SIZE)?ABSOLUTE (OSPI_DEVICE_0_SIZE):ABSOLUTE (OSPI_DEVICE_0_LENGTH)
                0x00000000                OSPI_DEVICE_1_PRV_LENGTH = DEFINED (OSPI_DEVICE_1_SIZE)?ABSOLUTE (OSPI_DEVICE_1_SIZE):ABSOLUTE (OSPI_DEVICE_1_LENGTH)
                0x00000000                __RESERVE_NS_RAM = ((! (DEFINED (PROJECT_NONSECURE)) && DEFINED (RAM_NS_BUFFER_LENGTH)) && (OPTION_SETTING_S_LENGTH != 0x0))
                0x00000000                ITCM_START = DEFINED (ITCM_START)?ITCM_START:0x0
                0x00000000                ITCM_LENGTH = DEFINED (ITCM_LENGTH)?ITCM_LENGTH:0x0
                0x00000000                DTCM_START = DEFINED (DTCM_START)?DTCM_START:0x0
                0x00000000                DTCM_LENGTH = DEFINED (DTCM_LENGTH)?DTCM_LENGTH:0x0
                0x00000000                NS_OFFSET_START = DEFINED (NS_OFFSET_START)?NS_OFFSET_START:0x0
                0x00000000                NS_IMAGE_OFFSET = DEFINED (PROJECT_NONSECURE)?NS_OFFSET_START:0x0
                0x00000000                RAM_NS_BUFFER_BLOCK_LENGTH = DEFINED (RAM_NS_BUFFER_LENGTH)?ALIGN (RAM_NS_BUFFER_LENGTH, 0x2000):0x0
                0x00000000                RAM_NS_BUFFER_LENGTH = DEFINED (RAM_NS_BUFFER_LENGTH)?RAM_NS_BUFFER_LENGTH:0x0
                0x20008000                RAM_NS_BUFFER_START = ((RAM_START + RAM_LENGTH) - RAM_NS_BUFFER_LENGTH)
                0x20008000                RAM_NS_BUFFER_BLOCK_START = ((RAM_START + RAM_LENGTH) - RAM_NS_BUFFER_BLOCK_LENGTH)
                0x00000080                OPTION_SETTING_START_NS = DEFINED (PROJECT_NONSECURE)?OPTION_SETTING_START:(OPTION_SETTING_START + 0x80)
                0x00000001                __bl_FSP_BOOTABLE_IMAGE = 0x1
                0x00000001                __bln_FSP_BOOTABLE_IMAGE = 0x1
                0x00000000                PROJECT_SECURE_OR_FLAT = (((! (DEFINED (PROJECT_NONSECURE)) || DEFINED (PROJECT_SECURE)) && OPTION_SETTING_LENGTH) && ! (DEFINED (FSP_BOOTABLE_IMAGE)))
                0x00000000                USE_OPTION_SETTING_NS = (DEFINED (PROJECT_NONSECURE) && ! (DEFINED (FSP_BOOTABLE_IMAGE)))
                0x00000000                __bl_FLASH_IMAGE_START = ! (DEFINED (FLASH_BOOTLOADER_LENGTH))?0x0:(FLASH_APPLICATION_IMAGE_NUMBER == 0x1)?(FLASH_BOOTLOADER_LENGTH + FLASH_BOOTLOADER_HEADER_LENGTH):(((FLASH_BOOTLOADER_LENGTH + FLASH_BOOTLOADER_SCRATCH_LENGTH) + FLASH_APPLICATION_S_LENGTH) + FLASH_BOOTLOADER_HEADER_LENGTH)
                0x00000000                __bl_FLASH_IMAGE_LENGTH = ! (DEFINED (FLASH_BOOTLOADER_LENGTH))?0x0:(FLASH_APPLICATION_S_LENGTH - FLASH_BOOTLOADER_HEADER_LENGTH)
                0x00000000                __bl_FLASH_IMAGE_END = (__bl_FLASH_IMAGE_START + __bl_FLASH_IMAGE_LENGTH)
                0x00000000                __bl_XIP_SECONDARY_FLASH_IMAGE_START = ! (DEFINED (FLASH_BOOTLOADER_LENGTH))?0x0:((FLASH_BOOTLOADER_LENGTH + FLASH_APPLICATION_S_LENGTH) + FLASH_BOOTLOADER_HEADER_LENGTH)
                0x00000000                __bl_XIP_SECONDARY_FLASH_IMAGE_END = (__bl_XIP_SECONDARY_FLASH_IMAGE_START + __bl_FLASH_IMAGE_LENGTH)
                0x00000000                __bl_FLASH_NS_START = ! (DEFINED (FLASH_BOOTLOADER_LENGTH))?0x0:(FLASH_APPLICATION_NS_LENGTH == 0x0)?__bl_FLASH_IMAGE_END:((__bl_FLASH_IMAGE_START - FLASH_BOOTLOADER_HEADER_LENGTH) + FLASH_APPLICATION_S_LENGTH)
                0x00000000                __bl_FLASH_NSC_START = ! (DEFINED (FLASH_BOOTLOADER_LENGTH))?0x0:(FLASH_APPLICATION_NS_LENGTH == 0x0)?__bl_FLASH_IMAGE_END:(__bl_FLASH_NS_START - FLASH_APPLICATION_NSC_LENGTH)
                0x00000000                __bl_RAM_NS_START = ! (DEFINED (FLASH_BOOTLOADER_LENGTH))?0x0:(FLASH_APPLICATION_NS_LENGTH == 0x0)?(RAM_START + RAM_LENGTH):((RAM_START + RAM_LENGTH) - RAM_APPLICATION_NS_LENGTH)
                0x00000000                __bl_RAM_NSC_START = ! (DEFINED (FLASH_BOOTLOADER_LENGTH))?0x0:(FLASH_APPLICATION_NS_LENGTH == 0x0)?(RAM_START + RAM_LENGTH):(__bl_RAM_NS_START - RAM_APPLICATION_NSC_LENGTH)
                0x00000000                __bl_FLASH_NS_IMAGE_START = ! (DEFINED (FLASH_BOOTLOADER_LENGTH))?0x0:(FLASH_APPLICATION_NS_LENGTH == 0x0)?__bl_FLASH_IMAGE_END:(__bl_FLASH_NS_START + FLASH_BOOTLOADER_HEADER_LENGTH_2)
                0x00000000                __bln_FLASH_IMAGE_START = __bl_FLASH_NS_IMAGE_START
                0x00000000                __bln_FLASH_IMAGE_LENGTH = ! (DEFINED (FLASH_BOOTLOADER_LENGTH))?0x0:(FLASH_APPLICATION_NS_LENGTH == 0x0)?__bl_FLASH_IMAGE_END:(FLASH_APPLICATION_NS_LENGTH - FLASH_BOOTLOADER_HEADER_LENGTH_2)
                0x00000000                XIP_SECONDARY_SLOT_IMAGE = DEFINED (XIP_SECONDARY_SLOT_IMAGE)?XIP_SECONDARY_SLOT_IMAGE:0x0
                0x00000000                FLASH_ORIGIN = ! (DEFINED (FLASH_IMAGE_START))?FLASH_START:(XIP_SECONDARY_SLOT_IMAGE == 0x1)?XIP_SECONDARY_FLASH_IMAGE_START:FLASH_IMAGE_START
                0x00010000                LIMITED_FLASH_LENGTH = DEFINED (FLASH_IMAGE_LENGTH)?FLASH_IMAGE_LENGTH:DEFINED (FLASH_BOOTLOADER_LENGTH)?FLASH_BOOTLOADER_LENGTH:FLASH_LENGTH
START GROUP
LOAD d:/renesas/ra/e2studio_v2023-04_fsp_v4.4.0/toolchains/gcc_arm/gcc-arm-none-eabi-10.3-2021.10/bin/../lib/gcc/arm-none-eabi/10.3.1/thumb/v8-m.base/nofp\libgcc.a
LOAD d:/renesas/ra/e2studio_v2023-04_fsp_v4.4.0/toolchains/gcc_arm/gcc-arm-none-eabi-10.3-2021.10/bin/../lib/gcc/arm-none-eabi/10.3.1/../../../../arm-none-eabi/lib/thumb/v8-m.base/nofp\libc.a
LOAD d:/renesas/ra/e2studio_v2023-04_fsp_v4.4.0/toolchains/gcc_arm/gcc-arm-none-eabi-10.3-2021.10/bin/../lib/gcc/arm-none-eabi/10.3.1/../../../../arm-none-eabi/lib/thumb/v8-m.base/nofp\libm.a
LOAD d:/renesas/ra/e2studio_v2023-04_fsp_v4.4.0/toolchains/gcc_arm/gcc-arm-none-eabi-10.3-2021.10/bin/../lib/gcc/arm-none-eabi/10.3.1/../../../../arm-none-eabi/lib/thumb/v8-m.base/nofp\libnosys.a
END GROUP

.itcm_data      0x00000000        0x0
                0x00000000                __tz_ITCM_S = ABSOLUTE (ITCM_START)
                0x00000000                __itcm_data_start__ = .
 *(.itcm_data*)
                0x00000000                __itcm_data_end__ = .
                0x00000000                __tz_ITCM_N = DEFINED (ITCM_NS_START)?ABSOLUTE (ITCM_NS_START):ALIGN (__itcm_data_end__, 0x2000)

.text           0x00000000     0xc464
                0x00000000                __tz_FLASH_S = ABSOLUTE (FLASH_START)
                0x00000000                __ROM_Start = .
 *(.fixed_vectors*)
 .fixed_vectors
                0x00000000       0x40 ./ra/fsp/src/bsp/cmsis/Device/RENESAS/Source/startup.o
                0x00000000                __Vectors
 *(.application_vectors*)
 .application_vectors
                0x00000040       0x80 ./ra_gen/vector_data.o
                0x00000040                g_vector_table
                0x000000c0                __Vectors_End = .
                0x00000400                . = (OPTION_SETTING_LENGTH > 0x0)?.:(__ROM_Start + 0x400)
 *fill*         0x000000c0      0x340 ff
 *(.rom_registers*)
 .rom_registers
                0x00000400       0x3c ./ra/fsp/src/bsp/mcu/all/bsp_rom_registers.o
                0x00000500                . = (OPTION_SETTING_LENGTH > 0x0)?.:(__ROM_Start + 0x500)
 *fill*         0x0000043c       0xc4 ff
                0x00000500                . = ALIGN (0x80)
 *(.mcuboot_sce9_key*)
 *(.text*)
 .text          0x00000500       0x50 d:/renesas/ra/e2studio_v2023-04_fsp_v4.4.0/toolchains/gcc_arm/gcc-arm-none-eabi-10.3-2021.10/bin/../lib/gcc/arm-none-eabi/10.3.1/thumb/v8-m.base/nofp/crtbegin.o
 .text.BeepInitial
                0x00000550       0x38 ./src/beep.o
                0x00000550                BeepInitial
 .text.BeepOpen
                0x00000588       0x10 ./src/beep.o
                0x00000588                BeepOpen
 .text.BeepStop
                0x00000598       0x10 ./src/beep.o
                0x00000598                BeepStop
 .text.PwmBeep  0x000005a8       0x5c ./src/beep.o
                0x000005a8                PwmBeep
 .text.DHT11_ReadByte
                0x00000604       0x74 ./src/dht11.o
                0x00000604                DHT11_ReadByte
 .text.DHT11_Read
                0x00000678      0x120 ./src/dht11.o
                0x00000678                DHT11_Read
 .text.flash_callback
                0x00000798       0x1c ./src/flash_smg.o
                0x00000798                flash_callback
 .text.WriteFlashTest
                0x000007b4      0x170 ./src/flash_smg.o
                0x000007b4                WriteFlashTest
 .text.PrintFlashTest
                0x00000924       0xb0 ./src/flash_smg.o
                0x00000924                PrintFlashTest
 .text.rtc_callback
                0x000009d4       0x24 ./src/hal_entry.o
                0x000009d4                rtc_callback
 .text.user_uart_callback
                0x000009f8       0x14 ./src/hal_entry.o
                0x000009f8                user_uart_callback
 .text._write   0x00000a0c       0x60 ./src/hal_entry.o
                0x00000a0c                _write
 .text.qe_touch_sw
                0x00000a6c       0x6c ./src/hal_entry.o
                0x00000a6c                qe_touch_sw
 .text.hal_entry
                0x00000ad8      0x5ac ./src/hal_entry.o
                0x00000ad8                hal_entry
 .text.R_BSP_WarmStart
                0x00001084       0x38 ./src/hal_entry.o
                0x00001084                R_BSP_WarmStart
 .text.smg_num  0x000010bc      0x2d0 ./src/smg.o
                0x000010bc                smg_num
 .text.smg_1    0x0000138c       0x44 ./src/smg.o
                0x0000138c                smg_1
 .text.smg_2    0x000013d0       0x44 ./src/smg.o
                0x000013d0                smg_2
 .text.smg_3    0x00001414       0x44 ./src/smg.o
                0x00001414                smg_3
 .text.smg_4    0x00001458       0x44 ./src/smg.o
                0x00001458                smg_4
 .text.smg_1_d  0x0000149c       0x9c ./src/smg.o
                0x0000149c                smg_1_d
 .text.smg_1_close
                0x00001538       0x9c ./src/smg.o
                0x00001538                smg_1_close
 .text.smg_2_close
                0x000015d4       0x9c ./src/smg.o
                0x000015d4                smg_2_close
 .text.smg_2_a  0x00001670       0x9c ./src/smg.o
                0x00001670                smg_2_a
 .text.smg_3_y  0x0000170c       0x9c ./src/smg.o
                0x0000170c                smg_3_y
 .text.smg_3_r  0x000017a8       0x9c ./src/smg.o
                0x000017a8                smg_3_r
 .text.smg_3_o  0x00001844       0x9c ./src/smg.o
                0x00001844                smg_3_o
 .text.smg_3_close
                0x000018e0       0x9c ./src/smg.o
                0x000018e0                smg_3_close
 .text.smg_4_C  0x0000197c       0x9c ./src/smg.o
                0x0000197c                smg_4_C
 .text.smg_4_H  0x00001a18       0x9c ./src/smg.o
                0x00001a18                smg_4_H
 .text.smg_4_close
                0x00001ab4       0x9c ./src/smg.o
                0x00001ab4                smg_4_close
 .text.smg_maohao_open
                0x00001b50      0x194 ./src/smg.o
                0x00001b50                smg_maohao_open
 .text.timer0_callback
                0x00001ce4      0xb14 ./src/timer_smg.o
                0x00001ce4                timer0_callback
 .text.set_smg_button
                0x000027f8      0x5dc ./src/timer_smg.o
                0x000027f8                set_smg_button
 .text.startup.main
                0x00002dd4        0xc ./ra_gen/main.o
                0x00002dd4                main
 .text.RM_TOUCH_Open
                0x00002de0      0x1d8 ./ra/fsp/src/rm_touch/rm_touch.o
                0x00002de0                RM_TOUCH_Open
 .text.RM_TOUCH_ScanStart
                0x00002fb8       0x18 ./ra/fsp/src/rm_touch/rm_touch.o
                0x00002fb8                RM_TOUCH_ScanStart
 .text.RM_TOUCH_PadDataGet
                0x00002fd0        0x4 ./ra/fsp/src/rm_touch/rm_touch.o
                0x00002fd0                RM_TOUCH_PadDataGet
 .text.RM_TOUCH_CallbackSet
                0x00002fd4       0x10 ./ra/fsp/src/rm_touch/rm_touch.o
                0x00002fd4                RM_TOUCH_CallbackSet
 .text.RM_TOUCH_SensitivityRatioGet
                0x00002fe4       0x8c ./ra/fsp/src/rm_touch/rm_touch.o
                0x00002fe4                RM_TOUCH_SensitivityRatioGet
 .text.RM_TOUCH_ThresholdAdjust
                0x00003070       0x88 ./ra/fsp/src/rm_touch/rm_touch.o
                0x00003070                RM_TOUCH_ThresholdAdjust
 .text.RM_TOUCH_DriftControl
                0x000030f8        0x8 ./ra/fsp/src/rm_touch/rm_touch.o
                0x000030f8                RM_TOUCH_DriftControl
 .text.RM_TOUCH_DataGet
                0x00003100      0x4d0 ./ra/fsp/src/rm_touch/rm_touch.o
                0x00003100                RM_TOUCH_DataGet
 .text.RM_TOUCH_ScanStop
                0x000035d0       0x28 ./ra/fsp/src/rm_touch/rm_touch.o
                0x000035d0                RM_TOUCH_ScanStop
 .text.RM_TOUCH_Close
                0x000035f8       0x40 ./ra/fsp/src/rm_touch/rm_touch.o
                0x000035f8                RM_TOUCH_Close
 .text.R_SCI_UART_Write
                0x00003638       0x40 ./ra/fsp/src/r_sci_uart/r_sci_uart.o
                0x00003638                R_SCI_UART_Write
 .text.r_sci_irq_cfg
                0x00003678       0x88 ./ra/fsp/src/r_sci_uart/r_sci_uart.o
 .text.r_sci_uart_call_callback
                0x00003700       0x50 ./ra/fsp/src/r_sci_uart/r_sci_uart.o
 .text.R_SCI_UART_Open
                0x00003750      0x2a8 ./ra/fsp/src/r_sci_uart/r_sci_uart.o
                0x00003750                R_SCI_UART_Open
 .text.sci_uart_txi_isr
                0x000039f8       0x94 ./ra/fsp/src/r_sci_uart/r_sci_uart.o
                0x000039f8                sci_uart_txi_isr
 .text.sci_uart_rxi_isr
                0x00003a8c       0xa0 ./ra/fsp/src/r_sci_uart/r_sci_uart.o
                0x00003a8c                sci_uart_rxi_isr
 .text.sci_uart_tei_isr
                0x00003b2c       0x4c ./ra/fsp/src/r_sci_uart/r_sci_uart.o
                0x00003b2c                sci_uart_tei_isr
 .text.sci_uart_eri_isr
                0x00003b78       0x78 ./ra/fsp/src/r_sci_uart/r_sci_uart.o
                0x00003b78                sci_uart_eri_isr
 .text.r_rtc_set_clock_source
                0x00003bf0       0x94 ./ra/fsp/src/r_rtc/r_rtc.o
 .text.R_RTC_ClockSourceSet
                0x00003c84        0xc ./ra/fsp/src/r_rtc/r_rtc.o
                0x00003c84                R_RTC_ClockSourceSet
 .text.R_RTC_CalendarTimeGet
                0x00003c90      0x1c8 ./ra/fsp/src/r_rtc/r_rtc.o
                0x00003c90                R_RTC_CalendarTimeGet
 .text.r_rtc_error_adjustment_set.isra.0
                0x00003e58       0xb0 ./ra/fsp/src/r_rtc/r_rtc.o
 .text.R_RTC_CalendarTimeSet
                0x00003f08       0xf4 ./ra/fsp/src/r_rtc/r_rtc.o
                0x00003f08                R_RTC_CalendarTimeSet
 .text.R_RTC_PeriodicIrqRateSet
                0x00003ffc       0x88 ./ra/fsp/src/r_rtc/r_rtc.o
                0x00003ffc                R_RTC_PeriodicIrqRateSet
 .text.R_RTC_CalendarAlarmSet
                0x00004084      0x224 ./ra/fsp/src/r_rtc/r_rtc.o
                0x00004084                R_RTC_CalendarAlarmSet
 .text.R_RTC_Open
                0x000042a8      0x108 ./ra/fsp/src/r_rtc/r_rtc.o
                0x000042a8                R_RTC_Open
 .text.rtc_alarm_periodic_isr
                0x000043b0       0x7c ./ra/fsp/src/r_rtc/r_rtc.o
                0x000043b0                rtc_alarm_periodic_isr
 .text.rtc_carry_isr
                0x0000442c       0x34 ./ra/fsp/src/r_rtc/r_rtc.o
                0x0000442c                rtc_carry_isr
 .text.R_IOPORT_Close
                0x00004460        0x8 ./ra/fsp/src/r_ioport/r_ioport.o
                0x00004460                R_IOPORT_Close
 .text.R_IOPORT_PinRead
                0x00004468       0x24 ./ra/fsp/src/r_ioport/r_ioport.o
                0x00004468                R_IOPORT_PinRead
 .text.R_IOPORT_PortRead
                0x0000448c       0x18 ./ra/fsp/src/r_ioport/r_ioport.o
                0x0000448c                R_IOPORT_PortRead
 .text.R_IOPORT_PortWrite
                0x000044a4       0x20 ./ra/fsp/src/r_ioport/r_ioport.o
                0x000044a4                R_IOPORT_PortWrite
 .text.R_IOPORT_PinWrite
                0x000044c4       0x28 ./ra/fsp/src/r_ioport/r_ioport.o
                0x000044c4                R_IOPORT_PinWrite
 .text.R_IOPORT_PortDirectionSet
                0x000044ec       0x24 ./ra/fsp/src/r_ioport/r_ioport.o
                0x000044ec                R_IOPORT_PortDirectionSet
 .text.R_IOPORT_PortEventInputRead
                0x00004510       0x18 ./ra/fsp/src/r_ioport/r_ioport.o
                0x00004510                R_IOPORT_PortEventInputRead
 .text.R_IOPORT_PinEventInputRead
                0x00004528       0x2c ./ra/fsp/src/r_ioport/r_ioport.o
                0x00004528                R_IOPORT_PinEventInputRead
 .text.R_IOPORT_PortEventOutputWrite
                0x00004554       0x20 ./ra/fsp/src/r_ioport/r_ioport.o
                0x00004554                R_IOPORT_PortEventOutputWrite
 .text.R_IOPORT_PinEventOutputWrite
                0x00004574       0x4c ./ra/fsp/src/r_ioport/r_ioport.o
                0x00004574                R_IOPORT_PinEventOutputWrite
 .text.r_ioport_pins_config
                0x000045c0       0xf8 ./ra/fsp/src/r_ioport/r_ioport.o
 .text.R_IOPORT_Open
                0x000046b8       0x18 ./ra/fsp/src/r_ioport/r_ioport.o
                0x000046b8                R_IOPORT_Open
 .text.R_IOPORT_PinsCfg
                0x000046d0        0xc ./ra/fsp/src/r_ioport/r_ioport.o
                0x000046d0                R_IOPORT_PinsCfg
 .text.R_IOPORT_PinCfg
                0x000046dc       0xa0 ./ra/fsp/src/r_ioport/r_ioport.o
                0x000046dc                R_IOPORT_PinCfg
 .text.R_GPT_Stop
                0x0000477c        0xc ./ra/fsp/src/r_gpt/r_gpt.o
                0x0000477c                R_GPT_Stop
 .text.R_GPT_Start
                0x00004788        0xc ./ra/fsp/src/r_gpt/r_gpt.o
                0x00004788                R_GPT_Start
 .text.r_gpt_call_callback
                0x00004794       0x40 ./ra/fsp/src/r_gpt/r_gpt.o
 .text.gpt_calculate_duty_cycle.isra.0
                0x000047d4       0x60 ./ra/fsp/src/r_gpt/r_gpt.o
 .text.r_gpt_enable_irq
                0x00004834       0x94 ./ra/fsp/src/r_gpt/r_gpt.o
 .text.R_GPT_Open
                0x000048c8      0x2c4 ./ra/fsp/src/r_gpt/r_gpt.o
                0x000048c8                R_GPT_Open
 .text.gpt_counter_overflow_isr
                0x00004b8c       0xa8 ./ra/fsp/src/r_gpt/r_gpt.o
                0x00004b8c                gpt_counter_overflow_isr
 .text.R_FLASH_LP_StatusGet
                0x00004c34       0x1c ./ra/fsp/src/r_flash_lp/r_flash_lp.o
                0x00004c34                R_FLASH_LP_StatusGet
 .text.r_flash_lp_setup
                0x00004c50      0x15c ./ra/fsp/src/r_flash_lp/r_flash_lp.o
 .text.r_flash_lp_df_enter_pe_mode
                0x00004dac       0x7c ./ra/fsp/src/r_flash_lp/r_flash_lp.o
 .text.R_FLASH_LP_Open
                0x00004e28       0xf0 ./ra/fsp/src/r_flash_lp/r_flash_lp.o
                0x00004e28                R_FLASH_LP_Open
 .text.r_flash_lp_df_write_monitor
                0x00004f18       0x5c ./ra/fsp/src/r_flash_lp/r_flash_lp.o
 .text.R_FLASH_LP_Erase
                0x00004f74       0x8c ./ra/fsp/src/r_flash_lp/r_flash_lp.o
                0x00004f74                R_FLASH_LP_Erase
 .text.R_FLASH_LP_Write
                0x00005000       0x94 ./ra/fsp/src/r_flash_lp/r_flash_lp.o
                0x00005000                R_FLASH_LP_Write
 .text.fcu_frdyi_isr
                0x00005094       0xc4 ./ra/fsp/src/r_flash_lp/r_flash_lp.o
                0x00005094                fcu_frdyi_isr
 .text.R_CTSU_ScanStart
                0x00005158      0x1d0 ./ra/fsp/src/r_ctsu/r_ctsu.o
                0x00005158                R_CTSU_ScanStart
 .text.R_CTSU_CallbackSet
                0x00005328        0xc ./ra/fsp/src/r_ctsu/r_ctsu.o
                0x00005328                R_CTSU_CallbackSet
 .text.ctsu_initial_offset_tuning
                0x00005334      0x190 ./ra/fsp/src/r_ctsu/r_ctsu.o
 .text.R_CTSU_Diagnosis
                0x000054c4       0x10 ./ra/fsp/src/r_ctsu/r_ctsu.o
                0x000054c4                R_CTSU_Diagnosis
 .text.R_CTSU_ScanStop
                0x000054d4       0x68 ./ra/fsp/src/r_ctsu/r_ctsu.o
                0x000054d4                R_CTSU_ScanStop
 .text.R_CTSU_Close
                0x0000553c       0x50 ./ra/fsp/src/r_ctsu/r_ctsu.o
                0x0000553c                R_CTSU_Close
 .text.R_CTSU_DataInsert
                0x0000558c       0x44 ./ra/fsp/src/r_ctsu/r_ctsu.o
                0x0000558c                R_CTSU_DataInsert
 .text.ctsu_correction_fleq.constprop.0
                0x000055d0       0x34 ./ra/fsp/src/r_ctsu/r_ctsu.o
 .text.R_CTSU_SpecificDataGet
                0x00005604      0x144 ./ra/fsp/src/r_ctsu/r_ctsu.o
                0x00005604                R_CTSU_SpecificDataGet
 .text.ctsu_correction_calc.part.0.isra.0
                0x00005748      0x1e8 ./ra/fsp/src/r_ctsu/r_ctsu.o
 .text.ctsu_correction_exec
                0x00005930      0x214 ./ra/fsp/src/r_ctsu/r_ctsu.o
 .text.R_CTSU_DataGet
                0x00005b44       0x94 ./ra/fsp/src/r_ctsu/r_ctsu.o
                0x00005b44                R_CTSU_DataGet
 .text.R_CTSU_Open
                0x00005bd8      0xa94 ./ra/fsp/src/r_ctsu/r_ctsu.o
                0x00005bd8                R_CTSU_Open
 .text.ctsu_write_isr
                0x0000666c       0x74 ./ra/fsp/src/r_ctsu/r_ctsu.o
                0x0000666c                ctsu_write_isr
 .text.ctsu_end_interrupt
                0x000066e0       0xbc ./ra/fsp/src/r_ctsu/r_ctsu.o
                0x000066e0                ctsu_end_interrupt
 .text.ctsu_read_isr
                0x0000679c       0xac ./ra/fsp/src/r_ctsu/r_ctsu.o
                0x0000679c                ctsu_read_isr
 .text.ctsu_end_isr
                0x00006848       0x50 ./ra/fsp/src/r_ctsu/r_ctsu.o
                0x00006848                ctsu_end_isr
 .text.SystemCoreClockUpdate
                0x00006898       0x2c ./ra/fsp/src/bsp/mcu/all/bsp_clocks.o
                0x00006898                SystemCoreClockUpdate
 .text.bsp_clock_init
                0x000068c4      0x140 ./ra/fsp/src/bsp/mcu/all/bsp_clocks.o
                0x000068c4                bsp_clock_init
 .text.R_BSP_Init_RTC
                0x00006a04       0x10 ./ra/fsp/src/bsp/mcu/all/bsp_clocks.o
                0x00006a04                R_BSP_Init_RTC
 .text.bsp_init_internal
                0x00006a14        0x4 ./ra/fsp/src/bsp/mcu/all/bsp_common.o
                0x00006a14                bsp_init_internal
                0x00006a14                bsp_init
 .text.__assert_func
                0x00006a18        0x4 ./ra/fsp/src/bsp/mcu/all/bsp_common.o
                0x00006a18                __assert_func
 .text.bsp_prv_software_delay_loop
                0x00006a1c        0x8 ./ra/fsp/src/bsp/mcu/all/bsp_delay.o
                0x00006a1c                bsp_prv_software_delay_loop
 .text.R_BSP_SoftwareDelay
                0x00006a24       0x5c ./ra/fsp/src/bsp/mcu/all/bsp_delay.o
                0x00006a24                R_BSP_SoftwareDelay
 .text.NMI_Handler
                0x00006a80       0x48 ./ra/fsp/src/bsp/mcu/all/bsp_group_irq.o
                0x00006a80                NMI_Handler
 .text.bsp_irq_cfg
                0x00006ac8       0x28 ./ra/fsp/src/bsp/mcu/all/bsp_irq.o
                0x00006ac8                bsp_irq_cfg
 .text.R_BSP_RegisterProtectEnable
                0x00006af0       0x54 ./ra/fsp/src/bsp/mcu/all/bsp_register_protection.o
                0x00006af0                R_BSP_RegisterProtectEnable
 .text.R_BSP_RegisterProtectDisable
                0x00006b44       0x4c ./ra/fsp/src/bsp/mcu/all/bsp_register_protection.o
                0x00006b44                R_BSP_RegisterProtectDisable
 .text._sbrk    0x00006b90       0x44 ./ra/fsp/src/bsp/mcu/all/bsp_sbrk.o
                0x00006b90                _sbrk
 .text.Default_Handler
                0x00006bd4        0x4 ./ra/fsp/src/bsp/cmsis/Device/RENESAS/Source/startup.o
                0x00006bd4                DebugMon_Handler
                0x00006bd4                HardFault_Handler
                0x00006bd4                SysTick_Handler
                0x00006bd4                PendSV_Handler
                0x00006bd4                UsageFault_Handler
                0x00006bd4                SecureFault_Handler
                0x00006bd4                Default_Handler
                0x00006bd4                MemManage_Handler
                0x00006bd4                SVC_Handler
                0x00006bd4                BusFault_Handler
 .text.Reset_Handler
                0x00006bd8        0xc ./ra/fsp/src/bsp/cmsis/Device/RENESAS/Source/startup.o
                0x00006bd8                Reset_Handler
 .text.SystemInit
                0x00006be4      0x144 ./ra/fsp/src/bsp/cmsis/Device/RENESAS/Source/system.o
                0x00006be4                SystemInit
 .text.qe_touch_callback
                0x00006d28       0x1c ./qe_gen/qe_touch_config.o
                0x00006d28                qe_touch_callback
 .text          0x00006d44       0x48 d:/renesas/ra/e2studio_v2023-04_fsp_v4.4.0/toolchains/gcc_arm/gcc-arm-none-eabi-10.3-2021.10/bin/../lib/gcc/arm-none-eabi/10.3.1/thumb/v8-m.base/nofp\libgcc.a(_aeabi_ldivmod.o)
                0x00006d44                __aeabi_ldivmod
 .text          0x00006d8c       0x5c d:/renesas/ra/e2studio_v2023-04_fsp_v4.4.0/toolchains/gcc_arm/gcc-arm-none-eabi-10.3-2021.10/bin/../lib/gcc/arm-none-eabi/10.3.1/thumb/v8-m.base/nofp\libgcc.a(_muldi3.o)
                0x00006d8c                __muldi3
                0x00006d8c                __aeabi_lmul
 .text          0x00006de8       0x3c d:/renesas/ra/e2studio_v2023-04_fsp_v4.4.0/toolchains/gcc_arm/gcc-arm-none-eabi-10.3-2021.10/bin/../lib/gcc/arm-none-eabi/10.3.1/thumb/v8-m.base/nofp\libgcc.a(bpabi.o)
                0x00006de8                __gnu_ldivmod_helper
 .text          0x00006e24        0x4 d:/renesas/ra/e2studio_v2023-04_fsp_v4.4.0/toolchains/gcc_arm/gcc-arm-none-eabi-10.3-2021.10/bin/../lib/gcc/arm-none-eabi/10.3.1/thumb/v8-m.base/nofp\libgcc.a(_dvmd_tls.o)
                0x00006e24                __aeabi_idiv0
                0x00006e24                __aeabi_ldiv0
 .text          0x00006e28      0x32c d:/renesas/ra/e2studio_v2023-04_fsp_v4.4.0/toolchains/gcc_arm/gcc-arm-none-eabi-10.3-2021.10/bin/../lib/gcc/arm-none-eabi/10.3.1/thumb/v8-m.base/nofp\libgcc.a(_divdi3.o)
                0x00006e28                __divdi3
 .text          0x00007154       0x3c d:/renesas/ra/e2studio_v2023-04_fsp_v4.4.0/toolchains/gcc_arm/gcc-arm-none-eabi-10.3-2021.10/bin/../lib/gcc/arm-none-eabi/10.3.1/thumb/v8-m.base/nofp\libgcc.a(_clzsi2.o)
                0x00007154                __clzsi2
 .text.__errno  0x00007190        0xc d:/renesas/ra/e2studio_v2023-04_fsp_v4.4.0/toolchains/gcc_arm/gcc-arm-none-eabi-10.3-2021.10/bin/../lib/gcc/arm-none-eabi/10.3.1/../../../../arm-none-eabi/lib/thumb/v8-m.base/nofp\libg_nano.a(lib_a-errno.o)
                0x00007190                __errno
 .text.memcmp   0x0000719c       0x1c d:/renesas/ra/e2studio_v2023-04_fsp_v4.4.0/toolchains/gcc_arm/gcc-arm-none-eabi-10.3-2021.10/bin/../lib/gcc/arm-none-eabi/10.3.1/../../../../arm-none-eabi/lib/thumb/v8-m.base/nofp\libg_nano.a(lib_a-memcmp.o)
                0x0000719c                memcmp
 .text.memcpy   0x000071b8       0x12 d:/renesas/ra/e2studio_v2023-04_fsp_v4.4.0/toolchains/gcc_arm/gcc-arm-none-eabi-10.3-2021.10/bin/../lib/gcc/arm-none-eabi/10.3.1/../../../../arm-none-eabi/lib/thumb/v8-m.base/nofp\libg_nano.a(lib_a-memcpy-stub.o)
                0x000071b8                memcpy
 .text.memset   0x000071ca       0x10 d:/renesas/ra/e2studio_v2023-04_fsp_v4.4.0/toolchains/gcc_arm/gcc-arm-none-eabi-10.3-2021.10/bin/../lib/gcc/arm-none-eabi/10.3.1/../../../../arm-none-eabi/lib/thumb/v8-m.base/nofp\libg_nano.a(lib_a-memset.o)
                0x000071ca                memset
 .text.__cvt    0x000071da       0xc2 d:/renesas/ra/e2studio_v2023-04_fsp_v4.4.0/toolchains/gcc_arm/gcc-arm-none-eabi-10.3-2021.10/bin/../lib/gcc/arm-none-eabi/10.3.1/../../../../arm-none-eabi/lib/thumb/v8-m.base/nofp\libg_nano.a(lib_a-nano-vfprintf_float.o)
                0x000071da                __cvt
 .text.__exponent
                0x0000729c       0x70 d:/renesas/ra/e2studio_v2023-04_fsp_v4.4.0/toolchains/gcc_arm/gcc-arm-none-eabi-10.3-2021.10/bin/../lib/gcc/arm-none-eabi/10.3.1/../../../../arm-none-eabi/lib/thumb/v8-m.base/nofp\libg_nano.a(lib_a-nano-vfprintf_float.o)
                0x0000729c                __exponent
 .text._printf_float
                0x0000730c      0x478 d:/renesas/ra/e2studio_v2023-04_fsp_v4.4.0/toolchains/gcc_arm/gcc-arm-none-eabi-10.3-2021.10/bin/../lib/gcc/arm-none-eabi/10.3.1/../../../../arm-none-eabi/lib/thumb/v8-m.base/nofp\libg_nano.a(lib_a-nano-vfprintf_float.o)
                0x0000730c                _printf_float
 .text._printf_common
                0x00007784       0xdc d:/renesas/ra/e2studio_v2023-04_fsp_v4.4.0/toolchains/gcc_arm/gcc-arm-none-eabi-10.3-2021.10/bin/../lib/gcc/arm-none-eabi/10.3.1/../../../../arm-none-eabi/lib/thumb/v8-m.base/nofp\libg_nano.a(lib_a-nano-vfprintf_i.o)
                0x00007784                _printf_common
 .text._printf_i
                0x00007860      0x218 d:/renesas/ra/e2studio_v2023-04_fsp_v4.4.0/toolchains/gcc_arm/gcc-arm-none-eabi-10.3-2021.10/bin/../lib/gcc/arm-none-eabi/10.3.1/../../../../arm-none-eabi/lib/thumb/v8-m.base/nofp\libg_nano.a(lib_a-nano-vfprintf_i.o)
                0x00007860                _printf_i
 .text.printf   0x00007a78       0x30 d:/renesas/ra/e2studio_v2023-04_fsp_v4.4.0/toolchains/gcc_arm/gcc-arm-none-eabi-10.3-2021.10/bin/../lib/gcc/arm-none-eabi/10.3.1/../../../../arm-none-eabi/lib/thumb/v8-m.base/nofp\libg_nano.a(lib_a-printf.o)
                0x00007a78                iprintf
                0x00007a78                printf
 .text._puts_r  0x00007aa8       0xdc d:/renesas/ra/e2studio_v2023-04_fsp_v4.4.0/toolchains/gcc_arm/gcc-arm-none-eabi-10.3-2021.10/bin/../lib/gcc/arm-none-eabi/10.3.1/../../../../arm-none-eabi/lib/thumb/v8-m.base/nofp\libg_nano.a(lib_a-puts.o)
                0x00007aa8                _puts_r
 .text.puts     0x00007b84       0x14 d:/renesas/ra/e2studio_v2023-04_fsp_v4.4.0/toolchains/gcc_arm/gcc-arm-none-eabi-10.3-2021.10/bin/../lib/gcc/arm-none-eabi/10.3.1/../../../../arm-none-eabi/lib/thumb/v8-m.base/nofp\libg_nano.a(lib_a-puts.o)
                0x00007b84                puts
 .text          0x00007b98        0xe d:/renesas/ra/e2studio_v2023-04_fsp_v4.4.0/toolchains/gcc_arm/gcc-arm-none-eabi-10.3-2021.10/bin/../lib/gcc/arm-none-eabi/10.3.1/../../../../arm-none-eabi/lib/thumb/v8-m.base/nofp\libg_nano.a(lib_a-strlen.o)
                0x00007b98                strlen
 *fill*         0x00007ba6        0x2 ff
 .text.__swbuf_r
                0x00007ba8       0xa4 d:/renesas/ra/e2studio_v2023-04_fsp_v4.4.0/toolchains/gcc_arm/gcc-arm-none-eabi-10.3-2021.10/bin/../lib/gcc/arm-none-eabi/10.3.1/../../../../arm-none-eabi/lib/thumb/v8-m.base/nofp\libg_nano.a(lib_a-wbuf.o)
                0x00007ba8                __swbuf_r
 .text.__swsetup_r
                0x00007c4c       0xe8 d:/renesas/ra/e2studio_v2023-04_fsp_v4.4.0/toolchains/gcc_arm/gcc-arm-none-eabi-10.3-2021.10/bin/../lib/gcc/arm-none-eabi/10.3.1/../../../../arm-none-eabi/lib/thumb/v8-m.base/nofp\libg_nano.a(lib_a-wsetup.o)
                0x00007c4c                __swsetup_r
 .text.quorem   0x00007d34      0x10c d:/renesas/ra/e2studio_v2023-04_fsp_v4.4.0/toolchains/gcc_arm/gcc-arm-none-eabi-10.3-2021.10/bin/../lib/gcc/arm-none-eabi/10.3.1/../../../../arm-none-eabi/lib/thumb/v8-m.base/nofp\libg_nano.a(lib_a-dtoa.o)
 .text._dtoa_r  0x00007e40      0xc20 d:/renesas/ra/e2studio_v2023-04_fsp_v4.4.0/toolchains/gcc_arm/gcc-arm-none-eabi-10.3-2021.10/bin/../lib/gcc/arm-none-eabi/10.3.1/../../../../arm-none-eabi/lib/thumb/v8-m.base/nofp\libg_nano.a(lib_a-dtoa.o)
                0x00007e40                _dtoa_r
 .text.__sflush_r
                0x00008a60      0x114 d:/renesas/ra/e2studio_v2023-04_fsp_v4.4.0/toolchains/gcc_arm/gcc-arm-none-eabi-10.3-2021.10/bin/../lib/gcc/arm-none-eabi/10.3.1/../../../../arm-none-eabi/lib/thumb/v8-m.base/nofp\libg_nano.a(lib_a-fflush.o)
                0x00008a60                __sflush_r
 .text._fflush_r
                0x00008b74       0x78 d:/renesas/ra/e2studio_v2023-04_fsp_v4.4.0/toolchains/gcc_arm/gcc-arm-none-eabi-10.3-2021.10/bin/../lib/gcc/arm-none-eabi/10.3.1/../../../../arm-none-eabi/lib/thumb/v8-m.base/nofp\libg_nano.a(lib_a-fflush.o)
                0x00008b74                _fflush_r
 .text.std      0x00008bec       0x48 d:/renesas/ra/e2studio_v2023-04_fsp_v4.4.0/toolchains/gcc_arm/gcc-arm-none-eabi-10.3-2021.10/bin/../lib/gcc/arm-none-eabi/10.3.1/../../../../arm-none-eabi/lib/thumb/v8-m.base/nofp\libg_nano.a(lib_a-findfp.o)
 .text._cleanup_r
                0x00008c34       0x10 d:/renesas/ra/e2studio_v2023-04_fsp_v4.4.0/toolchains/gcc_arm/gcc-arm-none-eabi-10.3-2021.10/bin/../lib/gcc/arm-none-eabi/10.3.1/../../../../arm-none-eabi/lib/thumb/v8-m.base/nofp\libg_nano.a(lib_a-findfp.o)
                0x00008c34                _cleanup_r
 .text.__sfmoreglue
                0x00008c44       0x2c d:/renesas/ra/e2studio_v2023-04_fsp_v4.4.0/toolchains/gcc_arm/gcc-arm-none-eabi-10.3-2021.10/bin/../lib/gcc/arm-none-eabi/10.3.1/../../../../arm-none-eabi/lib/thumb/v8-m.base/nofp\libg_nano.a(lib_a-findfp.o)
                0x00008c44                __sfmoreglue
 .text.__sfp_lock_acquire
                0x00008c70       0x10 d:/renesas/ra/e2studio_v2023-04_fsp_v4.4.0/toolchains/gcc_arm/gcc-arm-none-eabi-10.3-2021.10/bin/../lib/gcc/arm-none-eabi/10.3.1/../../../../arm-none-eabi/lib/thumb/v8-m.base/nofp\libg_nano.a(lib_a-findfp.o)
                0x00008c70                __sfp_lock_acquire
 .text.__sfp_lock_release
                0x00008c80       0x10 d:/renesas/ra/e2studio_v2023-04_fsp_v4.4.0/toolchains/gcc_arm/gcc-arm-none-eabi-10.3-2021.10/bin/../lib/gcc/arm-none-eabi/10.3.1/../../../../arm-none-eabi/lib/thumb/v8-m.base/nofp\libg_nano.a(lib_a-findfp.o)
                0x00008c80                __sfp_lock_release
 .text.__sinit_lock_acquire
                0x00008c90       0x10 d:/renesas/ra/e2studio_v2023-04_fsp_v4.4.0/toolchains/gcc_arm/gcc-arm-none-eabi-10.3-2021.10/bin/../lib/gcc/arm-none-eabi/10.3.1/../../../../arm-none-eabi/lib/thumb/v8-m.base/nofp\libg_nano.a(lib_a-findfp.o)
                0x00008c90                __sinit_lock_acquire
 .text.__sinit_lock_release
                0x00008ca0       0x10 d:/renesas/ra/e2studio_v2023-04_fsp_v4.4.0/toolchains/gcc_arm/gcc-arm-none-eabi-10.3-2021.10/bin/../lib/gcc/arm-none-eabi/10.3.1/../../../../arm-none-eabi/lib/thumb/v8-m.base/nofp\libg_nano.a(lib_a-findfp.o)
                0x00008ca0                __sinit_lock_release
 .text.__sinit  0x00008cb0       0x70 d:/renesas/ra/e2studio_v2023-04_fsp_v4.4.0/toolchains/gcc_arm/gcc-arm-none-eabi-10.3-2021.10/bin/../lib/gcc/arm-none-eabi/10.3.1/../../../../arm-none-eabi/lib/thumb/v8-m.base/nofp\libg_nano.a(lib_a-findfp.o)
                0x00008cb0                __sinit
 .text.__sfp    0x00008d20       0x8c d:/renesas/ra/e2studio_v2023-04_fsp_v4.4.0/toolchains/gcc_arm/gcc-arm-none-eabi-10.3-2021.10/bin/../lib/gcc/arm-none-eabi/10.3.1/../../../../arm-none-eabi/lib/thumb/v8-m.base/nofp\libg_nano.a(lib_a-findfp.o)
                0x00008d20                __sfp
 .text._fwalk_reent
                0x00008dac       0x40 d:/renesas/ra/e2studio_v2023-04_fsp_v4.4.0/toolchains/gcc_arm/gcc-arm-none-eabi-10.3-2021.10/bin/../lib/gcc/arm-none-eabi/10.3.1/../../../../arm-none-eabi/lib/thumb/v8-m.base/nofp\libg_nano.a(lib_a-fwalk.o)
                0x00008dac                _fwalk_reent
 .text._localeconv_r
                0x00008dec        0x8 d:/renesas/ra/e2studio_v2023-04_fsp_v4.4.0/toolchains/gcc_arm/gcc-arm-none-eabi-10.3-2021.10/bin/../lib/gcc/arm-none-eabi/10.3.1/../../../../arm-none-eabi/lib/thumb/v8-m.base/nofp\libg_nano.a(lib_a-localeconv.o)
                0x00008dec                _localeconv_r
 .text.__retarget_lock_init_recursive
                0x00008df4        0x2 d:/renesas/ra/e2studio_v2023-04_fsp_v4.4.0/toolchains/gcc_arm/gcc-arm-none-eabi-10.3-2021.10/bin/../lib/gcc/arm-none-eabi/10.3.1/../../../../arm-none-eabi/lib/thumb/v8-m.base/nofp\libg_nano.a(lib_a-lock.o)
                0x00008df4                __retarget_lock_init_recursive
 .text.__retarget_lock_acquire_recursive
                0x00008df6        0x2 d:/renesas/ra/e2studio_v2023-04_fsp_v4.4.0/toolchains/gcc_arm/gcc-arm-none-eabi-10.3-2021.10/bin/../lib/gcc/arm-none-eabi/10.3.1/../../../../arm-none-eabi/lib/thumb/v8-m.base/nofp\libg_nano.a(lib_a-lock.o)
                0x00008df6                __retarget_lock_acquire_recursive
 .text.__retarget_lock_release_recursive
                0x00008df8        0x2 d:/renesas/ra/e2studio_v2023-04_fsp_v4.4.0/toolchains/gcc_arm/gcc-arm-none-eabi-10.3-2021.10/bin/../lib/gcc/arm-none-eabi/10.3.1/../../../../arm-none-eabi/lib/thumb/v8-m.base/nofp\libg_nano.a(lib_a-lock.o)
                0x00008df8                __retarget_lock_release_recursive
 *fill*         0x00008dfa        0x2 ff
 .text.__swhatbuf_r
                0x00008dfc       0x50 d:/renesas/ra/e2studio_v2023-04_fsp_v4.4.0/toolchains/gcc_arm/gcc-arm-none-eabi-10.3-2021.10/bin/../lib/gcc/arm-none-eabi/10.3.1/../../../../arm-none-eabi/lib/thumb/v8-m.base/nofp\libg_nano.a(lib_a-makebuf.o)
                0x00008dfc                __swhatbuf_r
 .text.__smakebuf_r
                0x00008e4c       0x80 d:/renesas/ra/e2studio_v2023-04_fsp_v4.4.0/toolchains/gcc_arm/gcc-arm-none-eabi-10.3-2021.10/bin/../lib/gcc/arm-none-eabi/10.3.1/../../../../arm-none-eabi/lib/thumb/v8-m.base/nofp\libg_nano.a(lib_a-makebuf.o)
                0x00008e4c                __smakebuf_r
 .text.malloc   0x00008ecc       0x14 d:/renesas/ra/e2studio_v2023-04_fsp_v4.4.0/toolchains/gcc_arm/gcc-arm-none-eabi-10.3-2021.10/bin/../lib/gcc/arm-none-eabi/10.3.1/../../../../arm-none-eabi/lib/thumb/v8-m.base/nofp\libg_nano.a(lib_a-malloc.o)
                0x00008ecc                malloc
 .text.memchr   0x00008ee0       0x16 d:/renesas/ra/e2studio_v2023-04_fsp_v4.4.0/toolchains/gcc_arm/gcc-arm-none-eabi-10.3-2021.10/bin/../lib/gcc/arm-none-eabi/10.3.1/../../../../arm-none-eabi/lib/thumb/v8-m.base/nofp\libg_nano.a(lib_a-memchr-stub.o)
                0x00008ee0                memchr
 *fill*         0x00008ef6        0x2 ff
 .text._Balloc  0x00008ef8       0x80 d:/renesas/ra/e2studio_v2023-04_fsp_v4.4.0/toolchains/gcc_arm/gcc-arm-none-eabi-10.3-2021.10/bin/../lib/gcc/arm-none-eabi/10.3.1/../../../../arm-none-eabi/lib/thumb/v8-m.base/nofp\libg_nano.a(lib_a-mprec.o)
                0x00008ef8                _Balloc
 .text._Bfree   0x00008f78       0x44 d:/renesas/ra/e2studio_v2023-04_fsp_v4.4.0/toolchains/gcc_arm/gcc-arm-none-eabi-10.3-2021.10/bin/../lib/gcc/arm-none-eabi/10.3.1/../../../../arm-none-eabi/lib/thumb/v8-m.base/nofp\libg_nano.a(lib_a-mprec.o)
                0x00008f78                _Bfree
 .text.__multadd
                0x00008fbc       0x84 d:/renesas/ra/e2studio_v2023-04_fsp_v4.4.0/toolchains/gcc_arm/gcc-arm-none-eabi-10.3-2021.10/bin/../lib/gcc/arm-none-eabi/10.3.1/../../../../arm-none-eabi/lib/thumb/v8-m.base/nofp\libg_nano.a(lib_a-mprec.o)
                0x00008fbc                __multadd
 .text.__hi0bits
                0x00009040       0x32 d:/renesas/ra/e2studio_v2023-04_fsp_v4.4.0/toolchains/gcc_arm/gcc-arm-none-eabi-10.3-2021.10/bin/../lib/gcc/arm-none-eabi/10.3.1/../../../../arm-none-eabi/lib/thumb/v8-m.base/nofp\libg_nano.a(lib_a-mprec.o)
                0x00009040                __hi0bits
 .text.__lo0bits
                0x00009072       0x5a d:/renesas/ra/e2studio_v2023-04_fsp_v4.4.0/toolchains/gcc_arm/gcc-arm-none-eabi-10.3-2021.10/bin/../lib/gcc/arm-none-eabi/10.3.1/../../../../arm-none-eabi/lib/thumb/v8-m.base/nofp\libg_nano.a(lib_a-mprec.o)
                0x00009072                __lo0bits
 .text.__i2b    0x000090cc       0x2c d:/renesas/ra/e2studio_v2023-04_fsp_v4.4.0/toolchains/gcc_arm/gcc-arm-none-eabi-10.3-2021.10/bin/../lib/gcc/arm-none-eabi/10.3.1/../../../../arm-none-eabi/lib/thumb/v8-m.base/nofp\libg_nano.a(lib_a-mprec.o)
                0x000090cc                __i2b
 .text.__multiply
                0x000090f8      0x15c d:/renesas/ra/e2studio_v2023-04_fsp_v4.4.0/toolchains/gcc_arm/gcc-arm-none-eabi-10.3-2021.10/bin/../lib/gcc/arm-none-eabi/10.3.1/../../../../arm-none-eabi/lib/thumb/v8-m.base/nofp\libg_nano.a(lib_a-mprec.o)
                0x000090f8                __multiply
 .text.__pow5mult
                0x00009254       0xb0 d:/renesas/ra/e2studio_v2023-04_fsp_v4.4.0/toolchains/gcc_arm/gcc-arm-none-eabi-10.3-2021.10/bin/../lib/gcc/arm-none-eabi/10.3.1/../../../../arm-none-eabi/lib/thumb/v8-m.base/nofp\libg_nano.a(lib_a-mprec.o)
                0x00009254                __pow5mult
 .text.__lshift
                0x00009304       0xd8 d:/renesas/ra/e2studio_v2023-04_fsp_v4.4.0/toolchains/gcc_arm/gcc-arm-none-eabi-10.3-2021.10/bin/../lib/gcc/arm-none-eabi/10.3.1/../../../../arm-none-eabi/lib/thumb/v8-m.base/nofp\libg_nano.a(lib_a-mprec.o)
                0x00009304                __lshift
 .text.__mcmp   0x000093dc       0x36 d:/renesas/ra/e2studio_v2023-04_fsp_v4.4.0/toolchains/gcc_arm/gcc-arm-none-eabi-10.3-2021.10/bin/../lib/gcc/arm-none-eabi/10.3.1/../../../../arm-none-eabi/lib/thumb/v8-m.base/nofp\libg_nano.a(lib_a-mprec.o)
                0x000093dc                __mcmp
 *fill*         0x00009412        0x2 ff
 .text.__mdiff  0x00009414      0x12c d:/renesas/ra/e2studio_v2023-04_fsp_v4.4.0/toolchains/gcc_arm/gcc-arm-none-eabi-10.3-2021.10/bin/../lib/gcc/arm-none-eabi/10.3.1/../../../../arm-none-eabi/lib/thumb/v8-m.base/nofp\libg_nano.a(lib_a-mprec.o)
                0x00009414                __mdiff
 .text.__d2b    0x00009540       0xc0 d:/renesas/ra/e2studio_v2023-04_fsp_v4.4.0/toolchains/gcc_arm/gcc-arm-none-eabi-10.3-2021.10/bin/../lib/gcc/arm-none-eabi/10.3.1/../../../../arm-none-eabi/lib/thumb/v8-m.base/nofp\libg_nano.a(lib_a-mprec.o)
                0x00009540                __d2b
 .text._calloc_r
                0x00009600       0x54 d:/renesas/ra/e2studio_v2023-04_fsp_v4.4.0/toolchains/gcc_arm/gcc-arm-none-eabi-10.3-2021.10/bin/../lib/gcc/arm-none-eabi/10.3.1/../../../../arm-none-eabi/lib/thumb/v8-m.base/nofp\libg_nano.a(lib_a-nano-callocr.o)
                0x00009600                _calloc_r
 .text._free_r  0x00009654       0x8c d:/renesas/ra/e2studio_v2023-04_fsp_v4.4.0/toolchains/gcc_arm/gcc-arm-none-eabi-10.3-2021.10/bin/../lib/gcc/arm-none-eabi/10.3.1/../../../../arm-none-eabi/lib/thumb/v8-m.base/nofp\libg_nano.a(lib_a-nano-freer.o)
                0x00009654                _free_r
 .text.sbrk_aligned
                0x000096e0       0x40 d:/renesas/ra/e2studio_v2023-04_fsp_v4.4.0/toolchains/gcc_arm/gcc-arm-none-eabi-10.3-2021.10/bin/../lib/gcc/arm-none-eabi/10.3.1/../../../../arm-none-eabi/lib/thumb/v8-m.base/nofp\libg_nano.a(lib_a-nano-mallocr.o)
 .text._malloc_r
                0x00009720       0xec d:/renesas/ra/e2studio_v2023-04_fsp_v4.4.0/toolchains/gcc_arm/gcc-arm-none-eabi-10.3-2021.10/bin/../lib/gcc/arm-none-eabi/10.3.1/../../../../arm-none-eabi/lib/thumb/v8-m.base/nofp\libg_nano.a(lib_a-nano-mallocr.o)
                0x00009720                _malloc_r
 .text.__sfputc_r
                0x0000980c       0x2a d:/renesas/ra/e2studio_v2023-04_fsp_v4.4.0/toolchains/gcc_arm/gcc-arm-none-eabi-10.3-2021.10/bin/../lib/gcc/arm-none-eabi/10.3.1/../../../../arm-none-eabi/lib/thumb/v8-m.base/nofp\libg_nano.a(lib_a-nano-vfprintf.o)
 .text.__sfputs_r
                0x00009836       0x24 d:/renesas/ra/e2studio_v2023-04_fsp_v4.4.0/toolchains/gcc_arm/gcc-arm-none-eabi-10.3-2021.10/bin/../lib/gcc/arm-none-eabi/10.3.1/../../../../arm-none-eabi/lib/thumb/v8-m.base/nofp\libg_nano.a(lib_a-nano-vfprintf.o)
                0x00009836                __sfputs_r
 *fill*         0x0000985a        0x2 ff
 .text._vfprintf_r
                0x0000985c      0x264 d:/renesas/ra/e2studio_v2023-04_fsp_v4.4.0/toolchains/gcc_arm/gcc-arm-none-eabi-10.3-2021.10/bin/../lib/gcc/arm-none-eabi/10.3.1/../../../../arm-none-eabi/lib/thumb/v8-m.base/nofp\libg_nano.a(lib_a-nano-vfprintf.o)
                0x0000985c                _vfprintf_r
                0x0000985c                _vfiprintf_r
 .text._sbrk_r  0x00009ac0       0x20 d:/renesas/ra/e2studio_v2023-04_fsp_v4.4.0/toolchains/gcc_arm/gcc-arm-none-eabi-10.3-2021.10/bin/../lib/gcc/arm-none-eabi/10.3.1/../../../../arm-none-eabi/lib/thumb/v8-m.base/nofp\libg_nano.a(lib_a-sbrkr.o)
                0x00009ac0                _sbrk_r
 .text.__sread  0x00009ae0       0x28 d:/renesas/ra/e2studio_v2023-04_fsp_v4.4.0/toolchains/gcc_arm/gcc-arm-none-eabi-10.3-2021.10/bin/../lib/gcc/arm-none-eabi/10.3.1/../../../../arm-none-eabi/lib/thumb/v8-m.base/nofp\libg_nano.a(lib_a-stdio.o)
                0x00009ae0                __sread
 .text.__swrite
                0x00009b08       0x38 d:/renesas/ra/e2studio_v2023-04_fsp_v4.4.0/toolchains/gcc_arm/gcc-arm-none-eabi-10.3-2021.10/bin/../lib/gcc/arm-none-eabi/10.3.1/../../../../arm-none-eabi/lib/thumb/v8-m.base/nofp\libg_nano.a(lib_a-stdio.o)
                0x00009b08                __swrite
 .text.__sseek  0x00009b40       0x2c d:/renesas/ra/e2studio_v2023-04_fsp_v4.4.0/toolchains/gcc_arm/gcc-arm-none-eabi-10.3-2021.10/bin/../lib/gcc/arm-none-eabi/10.3.1/../../../../arm-none-eabi/lib/thumb/v8-m.base/nofp\libg_nano.a(lib_a-stdio.o)
                0x00009b40                __sseek
 .text.__sclose
                0x00009b6c        0xc d:/renesas/ra/e2studio_v2023-04_fsp_v4.4.0/toolchains/gcc_arm/gcc-arm-none-eabi-10.3-2021.10/bin/../lib/gcc/arm-none-eabi/10.3.1/../../../../arm-none-eabi/lib/thumb/v8-m.base/nofp\libg_nano.a(lib_a-stdio.o)
                0x00009b6c                __sclose
 .text._write_r
                0x00009b78       0x24 d:/renesas/ra/e2studio_v2023-04_fsp_v4.4.0/toolchains/gcc_arm/gcc-arm-none-eabi-10.3-2021.10/bin/../lib/gcc/arm-none-eabi/10.3.1/../../../../arm-none-eabi/lib/thumb/v8-m.base/nofp\libg_nano.a(lib_a-writer.o)
                0x00009b78                _write_r
 .text._close_r
                0x00009b9c       0x20 d:/renesas/ra/e2studio_v2023-04_fsp_v4.4.0/toolchains/gcc_arm/gcc-arm-none-eabi-10.3-2021.10/bin/../lib/gcc/arm-none-eabi/10.3.1/../../../../arm-none-eabi/lib/thumb/v8-m.base/nofp\libg_nano.a(lib_a-closer.o)
                0x00009b9c                _close_r
 .text._fstat_r
                0x00009bbc       0x24 d:/renesas/ra/e2studio_v2023-04_fsp_v4.4.0/toolchains/gcc_arm/gcc-arm-none-eabi-10.3-2021.10/bin/../lib/gcc/arm-none-eabi/10.3.1/../../../../arm-none-eabi/lib/thumb/v8-m.base/nofp\libg_nano.a(lib_a-fstatr.o)
                0x00009bbc                _fstat_r
 .text._isatty_r
                0x00009be0       0x20 d:/renesas/ra/e2studio_v2023-04_fsp_v4.4.0/toolchains/gcc_arm/gcc-arm-none-eabi-10.3-2021.10/bin/../lib/gcc/arm-none-eabi/10.3.1/../../../../arm-none-eabi/lib/thumb/v8-m.base/nofp\libg_nano.a(lib_a-isattyr.o)
                0x00009be0                _isatty_r
 .text._lseek_r
                0x00009c00       0x24 d:/renesas/ra/e2studio_v2023-04_fsp_v4.4.0/toolchains/gcc_arm/gcc-arm-none-eabi-10.3-2021.10/bin/../lib/gcc/arm-none-eabi/10.3.1/../../../../arm-none-eabi/lib/thumb/v8-m.base/nofp\libg_nano.a(lib_a-lseekr.o)
                0x00009c00                _lseek_r
 .text.__ascii_mbtowc
                0x00009c24       0x20 d:/renesas/ra/e2studio_v2023-04_fsp_v4.4.0/toolchains/gcc_arm/gcc-arm-none-eabi-10.3-2021.10/bin/../lib/gcc/arm-none-eabi/10.3.1/../../../../arm-none-eabi/lib/thumb/v8-m.base/nofp\libg_nano.a(lib_a-mbtowc_r.o)
                0x00009c24                __ascii_mbtowc
 .text.__malloc_lock
                0x00009c44       0x10 d:/renesas/ra/e2studio_v2023-04_fsp_v4.4.0/toolchains/gcc_arm/gcc-arm-none-eabi-10.3-2021.10/bin/../lib/gcc/arm-none-eabi/10.3.1/../../../../arm-none-eabi/lib/thumb/v8-m.base/nofp\libg_nano.a(lib_a-mlock.o)
                0x00009c44                __malloc_lock
 .text.__malloc_unlock
                0x00009c54       0x10 d:/renesas/ra/e2studio_v2023-04_fsp_v4.4.0/toolchains/gcc_arm/gcc-arm-none-eabi-10.3-2021.10/bin/../lib/gcc/arm-none-eabi/10.3.1/../../../../arm-none-eabi/lib/thumb/v8-m.base/nofp\libg_nano.a(lib_a-mlock.o)
                0x00009c54                __malloc_unlock
 .text._read_r  0x00009c64       0x24 d:/renesas/ra/e2studio_v2023-04_fsp_v4.4.0/toolchains/gcc_arm/gcc-arm-none-eabi-10.3-2021.10/bin/../lib/gcc/arm-none-eabi/10.3.1/../../../../arm-none-eabi/lib/thumb/v8-m.base/nofp\libg_nano.a(lib_a-readr.o)
                0x00009c64                _read_r
 .text.__ascii_wctomb
                0x00009c88       0x1a d:/renesas/ra/e2studio_v2023-04_fsp_v4.4.0/toolchains/gcc_arm/gcc-arm-none-eabi-10.3-2021.10/bin/../lib/gcc/arm-none-eabi/10.3.1/../../../../arm-none-eabi/lib/thumb/v8-m.base/nofp\libg_nano.a(lib_a-wctomb_r.o)
                0x00009c88                __ascii_wctomb
 *fill*         0x00009ca2        0x2 ff
 .text          0x00009ca4       0x14 d:/renesas/ra/e2studio_v2023-04_fsp_v4.4.0/toolchains/gcc_arm/gcc-arm-none-eabi-10.3-2021.10/bin/../lib/gcc/arm-none-eabi/10.3.1/thumb/v8-m.base/nofp\libgcc.a(_thumb1_case_uqi.o)
                0x00009ca4                __gnu_thumb1_case_uqi
 .text          0x00009cb8       0x14 d:/renesas/ra/e2studio_v2023-04_fsp_v4.4.0/toolchains/gcc_arm/gcc-arm-none-eabi-10.3-2021.10/bin/../lib/gcc/arm-none-eabi/10.3.1/thumb/v8-m.base/nofp\libgcc.a(_thumb1_case_shi.o)
                0x00009cb8                __gnu_thumb1_case_shi
 .text          0x00009ccc       0x7c d:/renesas/ra/e2studio_v2023-04_fsp_v4.4.0/toolchains/gcc_arm/gcc-arm-none-eabi-10.3-2021.10/bin/../lib/gcc/arm-none-eabi/10.3.1/thumb/v8-m.base/nofp\libgcc.a(_arm_cmpdf2.o)
                0x00009ccc                __aeabi_cdrcmple
                0x00009cdc                __aeabi_cdcmple
                0x00009cdc                __aeabi_cdcmpeq
                0x00009cec                __aeabi_dcmpeq
                0x00009cf8                __aeabi_dcmplt
                0x00009d0c                __aeabi_dcmple
                0x00009d20                __aeabi_dcmpgt
                0x00009d34                __aeabi_dcmpge
 .text          0x00009d48      0x6b4 d:/renesas/ra/e2studio_v2023-04_fsp_v4.4.0/toolchains/gcc_arm/gcc-arm-none-eabi-10.3-2021.10/bin/../lib/gcc/arm-none-eabi/10.3.1/thumb/v8-m.base/nofp\libgcc.a(adddf3.o)
                0x00009d48                __aeabi_dadd
 .text          0x0000a3fc      0x638 d:/renesas/ra/e2studio_v2023-04_fsp_v4.4.0/toolchains/gcc_arm/gcc-arm-none-eabi-10.3-2021.10/bin/../lib/gcc/arm-none-eabi/10.3.1/thumb/v8-m.base/nofp\libgcc.a(divdf3.o)
                0x0000a3fc                __aeabi_ddiv
 .text          0x0000aa34       0x84 d:/renesas/ra/e2studio_v2023-04_fsp_v4.4.0/toolchains/gcc_arm/gcc-arm-none-eabi-10.3-2021.10/bin/../lib/gcc/arm-none-eabi/10.3.1/thumb/v8-m.base/nofp\libgcc.a(eqdf2.o)
                0x0000aa34                __nedf2
                0x0000aa34                __eqdf2
 .text          0x0000aab8       0xc8 d:/renesas/ra/e2studio_v2023-04_fsp_v4.4.0/toolchains/gcc_arm/gcc-arm-none-eabi-10.3-2021.10/bin/../lib/gcc/arm-none-eabi/10.3.1/thumb/v8-m.base/nofp\libgcc.a(gedf2.o)
                0x0000aab8                __gedf2
                0x0000aab8                __gtdf2
 .text          0x0000ab80       0xc0 d:/renesas/ra/e2studio_v2023-04_fsp_v4.4.0/toolchains/gcc_arm/gcc-arm-none-eabi-10.3-2021.10/bin/../lib/gcc/arm-none-eabi/10.3.1/thumb/v8-m.base/nofp\libgcc.a(ledf2.o)
                0x0000ab80                __ledf2
                0x0000ab80                __ltdf2
 .text          0x0000ac40      0x50c d:/renesas/ra/e2studio_v2023-04_fsp_v4.4.0/toolchains/gcc_arm/gcc-arm-none-eabi-10.3-2021.10/bin/../lib/gcc/arm-none-eabi/10.3.1/thumb/v8-m.base/nofp\libgcc.a(muldf3.o)
                0x0000ac40                __aeabi_dmul
 .text          0x0000b14c      0x724 d:/renesas/ra/e2studio_v2023-04_fsp_v4.4.0/toolchains/gcc_arm/gcc-arm-none-eabi-10.3-2021.10/bin/../lib/gcc/arm-none-eabi/10.3.1/thumb/v8-m.base/nofp\libgcc.a(subdf3.o)
                0x0000b14c                __aeabi_dsub
 .text          0x0000b870       0x3c d:/renesas/ra/e2studio_v2023-04_fsp_v4.4.0/toolchains/gcc_arm/gcc-arm-none-eabi-10.3-2021.10/bin/../lib/gcc/arm-none-eabi/10.3.1/thumb/v8-m.base/nofp\libgcc.a(unorddf2.o)
                0x0000b870                __aeabi_dcmpun
 .text          0x0000b8ac       0x64 d:/renesas/ra/e2studio_v2023-04_fsp_v4.4.0/toolchains/gcc_arm/gcc-arm-none-eabi-10.3-2021.10/bin/../lib/gcc/arm-none-eabi/10.3.1/thumb/v8-m.base/nofp\libgcc.a(fixdfsi.o)
                0x0000b8ac                __aeabi_d2iz
 .text          0x0000b910       0x60 d:/renesas/ra/e2studio_v2023-04_fsp_v4.4.0/toolchains/gcc_arm/gcc-arm-none-eabi-10.3-2021.10/bin/../lib/gcc/arm-none-eabi/10.3.1/thumb/v8-m.base/nofp\libgcc.a(floatsidf.o)
                0x0000b910                __aeabi_i2d
 .text          0x0000b970       0x50 d:/renesas/ra/e2studio_v2023-04_fsp_v4.4.0/toolchains/gcc_arm/gcc-arm-none-eabi-10.3-2021.10/bin/../lib/gcc/arm-none-eabi/10.3.1/thumb/v8-m.base/nofp\libgcc.a(floatunsidf.o)
                0x0000b970                __aeabi_ui2d
 .text._close   0x0000b9c0       0x14 d:/renesas/ra/e2studio_v2023-04_fsp_v4.4.0/toolchains/gcc_arm/gcc-arm-none-eabi-10.3-2021.10/bin/../lib/gcc/arm-none-eabi/10.3.1/../../../../arm-none-eabi/lib/thumb/v8-m.base/nofp\libnosys.a(close.o)
                0x0000b9c0                _close
 .text._fstat   0x0000b9d4       0x14 d:/renesas/ra/e2studio_v2023-04_fsp_v4.4.0/toolchains/gcc_arm/gcc-arm-none-eabi-10.3-2021.10/bin/../lib/gcc/arm-none-eabi/10.3.1/../../../../arm-none-eabi/lib/thumb/v8-m.base/nofp\libnosys.a(fstat.o)
                0x0000b9d4                _fstat
 .text._isatty  0x0000b9e8       0x10 d:/renesas/ra/e2studio_v2023-04_fsp_v4.4.0/toolchains/gcc_arm/gcc-arm-none-eabi-10.3-2021.10/bin/../lib/gcc/arm-none-eabi/10.3.1/../../../../arm-none-eabi/lib/thumb/v8-m.base/nofp\libnosys.a(isatty.o)
                0x0000b9e8                _isatty
 .text._lseek   0x0000b9f8       0x14 d:/renesas/ra/e2studio_v2023-04_fsp_v4.4.0/toolchains/gcc_arm/gcc-arm-none-eabi-10.3-2021.10/bin/../lib/gcc/arm-none-eabi/10.3.1/../../../../arm-none-eabi/lib/thumb/v8-m.base/nofp\libnosys.a(lseek.o)
                0x0000b9f8                _lseek
 .text._read    0x0000ba0c       0x14 d:/renesas/ra/e2studio_v2023-04_fsp_v4.4.0/toolchains/gcc_arm/gcc-arm-none-eabi-10.3-2021.10/bin/../lib/gcc/arm-none-eabi/10.3.1/../../../../arm-none-eabi/lib/thumb/v8-m.base/nofp\libnosys.a(read.o)
                0x0000ba0c                _read
 *(.version)
 .version       0x0000ba20       0x50 ./ra/fsp/src/bsp/mcu/all/bsp_common.o
 *(.init)
 .init          0x0000ba70        0x4 d:/renesas/ra/e2studio_v2023-04_fsp_v4.4.0/toolchains/gcc_arm/gcc-arm-none-eabi-10.3-2021.10/bin/../lib/gcc/arm-none-eabi/10.3.1/thumb/v8-m.base/nofp/crti.o
                0x0000ba70                _init
 .init          0x0000ba74        0x8 d:/renesas/ra/e2studio_v2023-04_fsp_v4.4.0/toolchains/gcc_arm/gcc-arm-none-eabi-10.3-2021.10/bin/../lib/gcc/arm-none-eabi/10.3.1/thumb/v8-m.base/nofp/crtn.o
 *(.fini)
 .fini          0x0000ba7c        0x4 d:/renesas/ra/e2studio_v2023-04_fsp_v4.4.0/toolchains/gcc_arm/gcc-arm-none-eabi-10.3-2021.10/bin/../lib/gcc/arm-none-eabi/10.3.1/thumb/v8-m.base/nofp/crti.o
                0x0000ba7c                _fini
 .fini          0x0000ba80        0x8 d:/renesas/ra/e2studio_v2023-04_fsp_v4.4.0/toolchains/gcc_arm/gcc-arm-none-eabi-10.3-2021.10/bin/../lib/gcc/arm-none-eabi/10.3.1/thumb/v8-m.base/nofp/crtn.o
 .fini.__stub   0x0000ba88       0x80 linker stubs
 *crtbegin.o(.ctors)
 *crtbegin?.o(.ctors)
 *(EXCLUDE_FILE(*crtend.o *crtend?.o) .ctors)
 *(SORT_BY_NAME(.ctors.*))
 *(.ctors)
 *crtbegin.o(.dtors)
 *crtbegin?.o(.dtors)
 *(EXCLUDE_FILE(*crtend.o *crtend?.o) .dtors)
 *(SORT_BY_NAME(.dtors.*))
 *(.dtors)
 *(.rodata*)
 .rodata.BeepInitial.str1.4
                0x0000bb08       0x22 ./src/beep.o
 *fill*         0x0000bb2a        0x2 ff
 .rodata.__func__.7
                0x0000bb2c        0x8 ./src/beep.o
 .rodata.__func__.8
                0x0000bb34        0xc ./src/beep.o
 .rodata.WriteFlashTest.str1.4
                0x0000bb40       0xb3 ./src/flash_smg.o
                                 0xc7 (size before relaxing)
 *fill*         0x0000bbf3        0x1 ff
 .rodata.__func__.0
                0x0000bbf4        0xf ./src/flash_smg.o
 *fill*         0x0000bc03        0x1 ff
 .rodata.hal_entry.str1.4
                0x0000bc04       0x94 ./src/hal_entry.o
                                 0xa8 (size before relaxing)
 .rodata.__func__.0
                0x0000bc98        0xa ./src/hal_entry.o
 *fill*         0x0000bca2        0x2 ff
 .rodata.smg_num
                0x0000bca4       0x28 ./src/smg.o
 .rodata.g_ioport
                0x0000bccc        0xc ./ra_gen/common_data.o
                0x0000bccc                g_ioport
 .rodata.g_flash0_cfg
                0x0000bcd8       0x14 ./ra_gen/hal_data.o
                0x0000bcd8                g_flash0_cfg
 .rodata.g_rtc0_cfg
                0x0000bcec       0x20 ./ra_gen/hal_data.o
                0x0000bcec                g_rtc0_cfg
 .rodata.g_rtc0_err_cfg
                0x0000bd0c        0x8 ./ra_gen/hal_data.o
                0x0000bd0c                g_rtc0_err_cfg
 .rodata.g_timer0_cfg
                0x0000bd14       0x20 ./ra_gen/hal_data.o
                0x0000bd14                g_timer0_cfg
 .rodata.g_timer0_extend
                0x0000bd34       0x30 ./ra_gen/hal_data.o
                0x0000bd34                g_timer0_extend
 .rodata.g_timer1_cfg
                0x0000bd64       0x20 ./ra_gen/hal_data.o
                0x0000bd64                g_timer1_cfg
 .rodata.g_timer1_extend
                0x0000bd84       0x30 ./ra_gen/hal_data.o
                0x0000bd84                g_timer1_extend
 .rodata.g_uart9_cfg
                0x0000bdb4       0x20 ./ra_gen/hal_data.o
                0x0000bdb4                g_uart9_cfg
 .rodata.g_uart9_cfg_extend
                0x0000bdd4       0x14 ./ra_gen/hal_data.o
                0x0000bdd4                g_uart9_cfg_extend
 .rodata.g_bsp_pin_cfg
                0x0000bde8        0x8 ./ra_gen/pin_data.o
                0x0000bde8                g_bsp_pin_cfg
 .rodata.g_bsp_pin_cfg_data
                0x0000bdf0       0xc0 ./ra_gen/pin_data.o
                0x0000bdf0                g_bsp_pin_cfg_data
 .rodata.g_interrupt_event_link_select
                0x0000beb0       0x20 ./ra_gen/vector_data.o
                0x0000beb0                g_interrupt_event_link_select
 .rodata.g_touch_on_ctsu
                0x0000bed0       0x28 ./ra/fsp/src/rm_touch/rm_touch.o
                0x0000bed0                g_touch_on_ctsu
 .rodata.g_ioport_on_ioport
                0x0000bef8       0x34 ./ra/fsp/src/r_ioport/r_ioport.o
                0x0000bef8                g_ioport_on_ioport
 .rodata.g_ctsu_on_ctsu
                0x0000bf2c       0x28 ./ra/fsp/src/r_ctsu/r_ctsu.o
                0x0000bf2c                g_ctsu_on_ctsu
 .rodata.g_ctsu_tscap_pin_cfg
                0x0000bf54        0x8 ./ra/fsp/src/r_ctsu/r_ctsu.o
 .rodata.g_prcr_masks
                0x0000bf5c        0x8 ./ra/fsp/src/bsp/mcu/all/bsp_register_protection.o
 .rodata.g_qe_ctsu_cfg_config01
                0x0000bf64       0x40 ./qe_gen/qe_touch_config.o
                0x0000bf64                g_qe_ctsu_cfg_config01
 .rodata.g_qe_ctsu_element_cfg_config01
                0x0000bfa4        0x6 ./qe_gen/qe_touch_config.o
                0x0000bfa4                g_qe_ctsu_element_cfg_config01
 *fill*         0x0000bfaa        0x2 ff
 .rodata.g_qe_ctsu_instance_config01
                0x0000bfac        0xc ./qe_gen/qe_touch_config.o
                0x0000bfac                g_qe_ctsu_instance_config01
 .rodata.g_qe_touch_button_cfg_config01
                0x0000bfb8        0x6 ./qe_gen/qe_touch_config.o
                0x0000bfb8                g_qe_touch_button_cfg_config01
 *fill*         0x0000bfbe        0x2 ff
 .rodata.g_qe_touch_cfg_config01
                0x0000bfc0       0x2c ./qe_gen/qe_touch_config.o
                0x0000bfc0                g_qe_touch_cfg_config01
 .rodata.g_qe_touch_instance_config01
                0x0000bfec        0xc ./qe_gen/qe_touch_config.o
                0x0000bfec                g_qe_touch_instance_config01
 .rodata._global_impure_ptr
                0x0000bff8        0x4 d:/renesas/ra/e2studio_v2023-04_fsp_v4.4.0/toolchains/gcc_arm/gcc-arm-none-eabi-10.3-2021.10/bin/../lib/gcc/arm-none-eabi/10.3.1/../../../../arm-none-eabi/lib/thumb/v8-m.base/nofp\libg_nano.a(lib_a-impure.o)
                0x0000bff8                _global_impure_ptr
 .rodata._printf_float.str1.1
                0x0000bffc       0x12 d:/renesas/ra/e2studio_v2023-04_fsp_v4.4.0/toolchains/gcc_arm/gcc-arm-none-eabi-10.3-2021.10/bin/../lib/gcc/arm-none-eabi/10.3.1/../../../../arm-none-eabi/lib/thumb/v8-m.base/nofp\libg_nano.a(lib_a-nano-vfprintf_float.o)
 .rodata._printf_i.str1.1
                0x0000c00e       0x22 d:/renesas/ra/e2studio_v2023-04_fsp_v4.4.0/toolchains/gcc_arm/gcc-arm-none-eabi-10.3-2021.10/bin/../lib/gcc/arm-none-eabi/10.3.1/../../../../arm-none-eabi/lib/thumb/v8-m.base/nofp\libg_nano.a(lib_a-nano-vfprintf_i.o)
 .rodata._dtoa_r.str1.1
                0x0000c030       0xb3 d:/renesas/ra/e2studio_v2023-04_fsp_v4.4.0/toolchains/gcc_arm/gcc-arm-none-eabi-10.3-2021.10/bin/../lib/gcc/arm-none-eabi/10.3.1/../../../../arm-none-eabi/lib/thumb/v8-m.base/nofp\libg_nano.a(lib_a-dtoa.o)
                                 0xb5 (size before relaxing)
 *fill*         0x0000c0e3        0x1 ff
 .rodata.__sf_fake_stderr
                0x0000c0e4       0x20 d:/renesas/ra/e2studio_v2023-04_fsp_v4.4.0/toolchains/gcc_arm/gcc-arm-none-eabi-10.3-2021.10/bin/../lib/gcc/arm-none-eabi/10.3.1/../../../../arm-none-eabi/lib/thumb/v8-m.base/nofp\libg_nano.a(lib_a-findfp.o)
                0x0000c0e4                __sf_fake_stderr
 .rodata.__sf_fake_stdin
                0x0000c104       0x20 d:/renesas/ra/e2studio_v2023-04_fsp_v4.4.0/toolchains/gcc_arm/gcc-arm-none-eabi-10.3-2021.10/bin/../lib/gcc/arm-none-eabi/10.3.1/../../../../arm-none-eabi/lib/thumb/v8-m.base/nofp\libg_nano.a(lib_a-findfp.o)
                0x0000c104                __sf_fake_stdin
 .rodata.__sf_fake_stdout
                0x0000c124       0x20 d:/renesas/ra/e2studio_v2023-04_fsp_v4.4.0/toolchains/gcc_arm/gcc-arm-none-eabi-10.3-2021.10/bin/../lib/gcc/arm-none-eabi/10.3.1/../../../../arm-none-eabi/lib/thumb/v8-m.base/nofp\libg_nano.a(lib_a-findfp.o)
                0x0000c124                __sf_fake_stdout
 .rodata._Balloc.str1.1
                0x0000c144       0x7f d:/renesas/ra/e2studio_v2023-04_fsp_v4.4.0/toolchains/gcc_arm/gcc-arm-none-eabi-10.3-2021.10/bin/../lib/gcc/arm-none-eabi/10.3.1/../../../../arm-none-eabi/lib/thumb/v8-m.base/nofp\libg_nano.a(lib_a-mprec.o)
                                 0x96 (size before relaxing)
 .rodata.__multadd.str1.1
                0x0000c1c3       0x11 d:/renesas/ra/e2studio_v2023-04_fsp_v4.4.0/toolchains/gcc_arm/gcc-arm-none-eabi-10.3-2021.10/bin/../lib/gcc/arm-none-eabi/10.3.1/../../../../arm-none-eabi/lib/thumb/v8-m.base/nofp\libg_nano.a(lib_a-mprec.o)
 *fill*         0x0000c1c3        0x5 ff
 .rodata.__mprec_bigtens
                0x0000c1c8       0x28 d:/renesas/ra/e2studio_v2023-04_fsp_v4.4.0/toolchains/gcc_arm/gcc-arm-none-eabi-10.3-2021.10/bin/../lib/gcc/arm-none-eabi/10.3.1/../../../../arm-none-eabi/lib/thumb/v8-m.base/nofp\libg_nano.a(lib_a-mprec.o)
                0x0000c1c8                __mprec_bigtens
 .rodata.__mprec_tens
                0x0000c1f0       0xc8 d:/renesas/ra/e2studio_v2023-04_fsp_v4.4.0/toolchains/gcc_arm/gcc-arm-none-eabi-10.3-2021.10/bin/../lib/gcc/arm-none-eabi/10.3.1/../../../../arm-none-eabi/lib/thumb/v8-m.base/nofp\libg_nano.a(lib_a-mprec.o)
                0x0000c1f0                __mprec_tens
 .rodata.p05.0  0x0000c2b8        0xc d:/renesas/ra/e2studio_v2023-04_fsp_v4.4.0/toolchains/gcc_arm/gcc-arm-none-eabi-10.3-2021.10/bin/../lib/gcc/arm-none-eabi/10.3.1/../../../../arm-none-eabi/lib/thumb/v8-m.base/nofp\libg_nano.a(lib_a-mprec.o)
 .rodata._vfprintf_r.str1.1
                0x0000c2c4       0x11 d:/renesas/ra/e2studio_v2023-04_fsp_v4.4.0/toolchains/gcc_arm/gcc-arm-none-eabi-10.3-2021.10/bin/../lib/gcc/arm-none-eabi/10.3.1/../../../../arm-none-eabi/lib/thumb/v8-m.base/nofp\libg_nano.a(lib_a-nano-vfprintf.o)
 .rodata._setlocale_r.str1.1
                0x0000c2d5        0x8 d:/renesas/ra/e2studio_v2023-04_fsp_v4.4.0/toolchains/gcc_arm/gcc-arm-none-eabi-10.3-2021.10/bin/../lib/gcc/arm-none-eabi/10.3.1/../../../../arm-none-eabi/lib/thumb/v8-m.base/nofp\libg_nano.a(lib_a-locale.o)
                                  0x9 (size before relaxing)
 .rodata.str1.1
                0x0000c2dd        0x2 d:/renesas/ra/e2studio_v2023-04_fsp_v4.4.0/toolchains/gcc_arm/gcc-arm-none-eabi-10.3-2021.10/bin/../lib/gcc/arm-none-eabi/10.3.1/../../../../arm-none-eabi/lib/thumb/v8-m.base/nofp\libg_nano.a(lib_a-locale.o)
 .rodata._ctype_
                0x0000c2df      0x101 d:/renesas/ra/e2studio_v2023-04_fsp_v4.4.0/toolchains/gcc_arm/gcc-arm-none-eabi-10.3-2021.10/bin/../lib/gcc/arm-none-eabi/10.3.1/../../../../arm-none-eabi/lib/thumb/v8-m.base/nofp\libg_nano.a(lib_a-ctype_.o)
                0x0000c2df                _ctype_
 .rodata        0x0000c3e0       0x40 d:/renesas/ra/e2studio_v2023-04_fsp_v4.4.0/toolchains/gcc_arm/gcc-arm-none-eabi-10.3-2021.10/bin/../lib/gcc/arm-none-eabi/10.3.1/thumb/v8-m.base/nofp\libgcc.a(divdf3.o)
 .rodata        0x0000c420       0x40 d:/renesas/ra/e2studio_v2023-04_fsp_v4.4.0/toolchains/gcc_arm/gcc-arm-none-eabi-10.3-2021.10/bin/../lib/gcc/arm-none-eabi/10.3.1/thumb/v8-m.base/nofp\libgcc.a(muldf3.o)
                0x0000c460                __usb_dev_descriptor_start_fs = .
 *(.usb_device_desc_fs*)
                0x0000c460                __usb_cfg_descriptor_start_fs = .
 *(.usb_config_desc_fs*)
                0x0000c460                __usb_interface_descriptor_start_fs = .
 *(.usb_interface_desc_fs*)
                0x0000c460                __usb_descriptor_end_fs = .
                0x0000c460                __usb_dev_descriptor_start_hs = .
 *(.usb_device_desc_hs*)
                0x0000c460                __usb_cfg_descriptor_start_hs = .
 *(.usb_config_desc_hs*)
                0x0000c460                __usb_interface_descriptor_start_hs = .
 *(.usb_interface_desc_hs*)
                0x0000c460                __usb_descriptor_end_hs = .
 *(.eh_frame*)
 .eh_frame      0x0000c460        0x0 d:/renesas/ra/e2studio_v2023-04_fsp_v4.4.0/toolchains/gcc_arm/gcc-arm-none-eabi-10.3-2021.10/bin/../lib/gcc/arm-none-eabi/10.3.1/thumb/v8-m.base/nofp/crtbegin.o
 .eh_frame      0x0000c460        0x4 d:/renesas/ra/e2studio_v2023-04_fsp_v4.4.0/toolchains/gcc_arm/gcc-arm-none-eabi-10.3-2021.10/bin/../lib/gcc/arm-none-eabi/10.3.1/thumb/v8-m.base/nofp/crtend.o
                0x0000c464                __ROM_End = .
                0x000000c0                __Vectors_Size = (__Vectors_End - __Vectors)

.glue_7         0x0000c464        0x0
 .glue_7        0x0000c464        0x0 linker stubs

.glue_7t        0x0000c464        0x0
 .glue_7t       0x0000c464        0x0 linker stubs

.vfp11_veneer   0x0000c464        0x0
 .vfp11_veneer  0x0000c464        0x0 linker stubs

.v4_bx          0x0000c464        0x0
 .v4_bx         0x0000c464        0x0 linker stubs

.iplt           0x0000c464        0x0
 .iplt          0x0000c464        0x0 d:/renesas/ra/e2studio_v2023-04_fsp_v4.4.0/toolchains/gcc_arm/gcc-arm-none-eabi-10.3-2021.10/bin/../lib/gcc/arm-none-eabi/10.3.1/thumb/v8-m.base/nofp/crtbegin.o

.ARM.extab
 *(.ARM.extab* .gnu.linkonce.armextab.*)
                0x0000c464                __exidx_start = .

.ARM.exidx      0x0000c464        0x8
 *(.ARM.exidx* .gnu.linkonce.armexidx.*)
 .ARM.exidx     0x0000c464        0x8 d:/renesas/ra/e2studio_v2023-04_fsp_v4.4.0/toolchains/gcc_arm/gcc-arm-none-eabi-10.3-2021.10/bin/../lib/gcc/arm-none-eabi/10.3.1/thumb/v8-m.base/nofp\libgcc.a(_divdi3.o)
                0x0000c46c                __exidx_end = .
                0x0000c46c                __etext = .
                0x20004000                __tz_RAM_S = ORIGIN (RAM)

.fsp_dtc_vector_table
                0x20004000        0x0
                0x20004000                . = ORIGIN (RAM)
 *(.fsp_dtc_vector_table)

.data           0x20004000      0x8dc load address 0x0000c46c
                0x20004000                __data_start__ = .
                0x20004000                . = ALIGN (0x4)
                0x20004000                __Code_In_RAM_Start = .
 *(.code_in_ram*)
 .code_in_ram   0x20004000      0x67c ./ra/fsp/src/r_flash_lp/r_flash_lp.o
 *fill*         0x2000467c        0x4 
 .code_in_ram.__stub
                0x20004680       0x10 linker stubs
                0x20004690                __Code_In_RAM_End = .
 *(vtable)
 *(.data.*)
 .data.alarm_count
                0x20004690        0x4 ./src/hal_entry.o
                0x20004690                alarm_count
 .data.day      0x20004694        0x2 ./src/hal_entry.o
                0x20004694                day
 .data.month    0x20004696        0x2 ./src/hal_entry.o
                0x20004696                month
 .data.rtc_adjust_min
                0x20004698        0x4 ./src/hal_entry.o
                0x20004698                rtc_adjust_min
 .data.rtc_adjust_sec
                0x2000469c        0x4 ./src/hal_entry.o
                0x2000469c                rtc_adjust_sec
 .data.set_alarm_time
                0x200046a0       0x2c ./src/hal_entry.o
                0x200046a0                set_alarm_time
 .data.set_time
                0x200046cc       0x24 ./src/hal_entry.o
                0x200046cc                set_time
 .data.week     0x200046f0        0x2 ./src/hal_entry.o
                0x200046f0                week
 .data.year     0x200046f2        0x2 ./src/hal_entry.o
                0x200046f2                year
 .data.beepcount
                0x200046f4        0x2 ./src/timer_smg.o
                0x200046f4                beepcount
 *fill*         0x200046f6        0x2 
 .data.g_uart9_baud_setting
                0x200046f8        0x4 ./ra_gen/hal_data.o
                0x200046f8                g_uart9_baud_setting
 .data.g_ctsu_tscap_pin_cfg_data
                0x200046fc        0x8 ./ra/fsp/src/r_ctsu/r_ctsu.o
 .data._impure_ptr
                0x20004704        0x4 d:/renesas/ra/e2studio_v2023-04_fsp_v4.4.0/toolchains/gcc_arm/gcc-arm-none-eabi-10.3-2021.10/bin/../lib/gcc/arm-none-eabi/10.3.1/../../../../arm-none-eabi/lib/thumb/v8-m.base/nofp\libg_nano.a(lib_a-impure.o)
                0x20004704                _impure_ptr
 .data.impure_data
                0x20004708       0x60 d:/renesas/ra/e2studio_v2023-04_fsp_v4.4.0/toolchains/gcc_arm/gcc-arm-none-eabi-10.3-2021.10/bin/../lib/gcc/arm-none-eabi/10.3.1/../../../../arm-none-eabi/lib/thumb/v8-m.base/nofp\libg_nano.a(lib_a-impure.o)
 .data.__global_locale
                0x20004768      0x16c d:/renesas/ra/e2studio_v2023-04_fsp_v4.4.0/toolchains/gcc_arm/gcc-arm-none-eabi-10.3-2021.10/bin/../lib/gcc/arm-none-eabi/10.3.1/../../../../arm-none-eabi/lib/thumb/v8-m.base/nofp\libg_nano.a(lib_a-locale.o)
                0x20004768                __global_locale
 *(.data)
                0x200048d4                . = ALIGN (0x4)
                0x200048d4                PROVIDE (__preinit_array_start = .)
 *(.preinit_array)
                0x200048d4                PROVIDE (__preinit_array_end = .)
                0x200048d4                . = ALIGN (0x4)
                0x200048d4                PROVIDE (__init_array_start = .)
 *(SORT_BY_NAME(.init_array.*))
 *(.init_array)
 .init_array    0x200048d4        0x4 d:/renesas/ra/e2studio_v2023-04_fsp_v4.4.0/toolchains/gcc_arm/gcc-arm-none-eabi-10.3-2021.10/bin/../lib/gcc/arm-none-eabi/10.3.1/thumb/v8-m.base/nofp/crtbegin.o
                0x200048d8                PROVIDE (__init_array_end = .)
                0x200048d8                . = ALIGN (0x4)
                [!provide]                PROVIDE (__fini_array_start = .)
 *(SORT_BY_NAME(.fini_array.*))
 *(.fini_array)
 .fini_array    0x200048d8        0x4 d:/renesas/ra/e2studio_v2023-04_fsp_v4.4.0/toolchains/gcc_arm/gcc-arm-none-eabi-10.3-2021.10/bin/../lib/gcc/arm-none-eabi/10.3.1/thumb/v8-m.base/nofp/crtbegin.o
                [!provide]                PROVIDE (__fini_array_end = .)
 *(.jcr*)
                0x200048dc                . = ALIGN (0x4)
                0x200048dc                __data_end__ = .
                0x0000cd48                __dtcm_data_init_start = ((__etext + __data_end__) - __data_start__)

.igot.plt       0x200048dc        0x0 load address 0x0000cd48
 .igot.plt      0x200048dc        0x0 d:/renesas/ra/e2studio_v2023-04_fsp_v4.4.0/toolchains/gcc_arm/gcc-arm-none-eabi-10.3-2021.10/bin/../lib/gcc/arm-none-eabi/10.3.1/thumb/v8-m.base/nofp/crtbegin.o

.dtcm_data      0x00000000        0x0 load address 0x0000cd48
                0x00000000                __tz_DTCM_S = ABSOLUTE (DTCM_START)
                0x00000000                __dtcm_data_start__ = .
 *(.dtcm_data*)
                0x00000000                __dtcm_data_end__ = .

.dtcm_noinit    0x00000000        0x0 load address 0x0000cd48
                0x00000000                __dtcm_noinit_start = .
 *(.dtcm_noinit*)
                0x00000000                __dtcm_noinit_end = .
                0x00000000                __tz_DTCM_N = DEFINED (DTCM_NS_START)?ABSOLUTE (DTCM_NS_START):ALIGN (__dtcm_noinit_end, 0x2000)
                0x0000cd48                DATA_END = (LOADADDR (.data) + SIZEOF (.data))
                0x0000d000                SGSTUBS_LOC = (DEFINED (PROJECT_SECURE) && DEFINED (FLASH_NSC_START))?ABSOLUTE (FLASH_NSC_START):ALIGN (DATA_END, 0x400)

.gnu.sgstubs    0x0000d000        0x0
                0x0000d000                __tz_FLASH_C = DEFINED (FLASH_NSC_START)?ABSOLUTE (FLASH_NSC_START):__RESERVE_NS_RAM?ABSOLUTE ((FLASH_START + FLASH_LENGTH)):ALIGN (0x400)
                0x0000d000                _start_sg = .
 *(.gnu.sgstubs*)
                0x0000d000                . = ALIGN (0x20)
                0x0000d000                _end_sg = .
                0x00010000                __tz_FLASH_N = DEFINED (FLASH_NS_START)?ABSOLUTE (FLASH_NS_START):__RESERVE_NS_RAM?ABSOLUTE ((FLASH_START + FLASH_LENGTH)):(FLASH_LENGTH < 0x8000)?FLASH_LENGTH:ALIGN (0x8000)
                0x00010000                FLASH_NS_IMAGE_START = DEFINED (FLASH_NS_IMAGE_START)?FLASH_NS_IMAGE_START:__tz_FLASH_N
                0x60000000                __tz_QSPI_FLASH_S = ORIGIN (QSPI_FLASH)

.qspi_flash     0x60000000        0x0
                0x60000000                __qspi_flash_start__ = .
 *(.qspi_flash*)
 *(.code_in_qspi*)
                0x60000000                __qspi_flash_end__ = .
                0x00000000                __qspi_flash_code_size__ = (__qspi_flash_end__ - __qspi_flash_start__)
                0x0000cd48                __qspi_flash_code_addr__ = (__etext + (__data_end__ - __data_start__))

.qspi_non_retentive
                0x60000000        0x0 load address 0x0000cd48
                0x60000000                __qspi_non_retentive_start__ = .
 *(.qspi_non_retentive*)
                0x60000000                __qspi_non_retentive_end__ = .
                0x00000000                __qspi_non_retentive_size__ = (__qspi_non_retentive_end__ - __qspi_non_retentive_start__)
                0x04000000                __qspi_region_max_size__ = 0x4000000
                0x60000000                __qspi_region_start_address__ = __qspi_flash_start__
                0x64000000                __qspi_region_end_address__ = (__qspi_flash_start__ + __qspi_region_max_size__)
                0x60000000                __tz_QSPI_FLASH_N = __qspi_non_retentive_end__

.OSPI_DEVICE_0_NO_LOAD
                0x80020000        0x0
                0x80020000                . = ALIGN (0x4)
                0x80020000                __ospi_device_0_start__ = .
 *(.ospi_device_0_no_load*)
                0x80020000                . = ALIGN (0x4)
                0x80020000                __ospi_device_0_end__ = .

.OSPI_DEVICE_1_NO_LOAD
                0x80030000        0x0
                0x80030000                . = ALIGN (0x4)
                0x80030000                __ospi_device_1_start__ = .
 *(.ospi_device_1_no_load*)
                0x80030000                . = ALIGN (0x4)
                0x80030000                __ospi_device_1_end__ = .
                0x80020000                __tz_OSPI_DEVICE_0_S = ORIGIN (OSPI_DEVICE_0)

.OSPI_DEVICE_0  0x80020000        0x0
                0x80020000                __ospi_device_0_start__ = .
 *(.ospi_device_0*)
 *(.code_in_ospi_device_0*)
                0x80020000                __ospi_device_0_end__ = .
                0x00000000                __ospi_device_0_code_size__ = (__ospi_device_0_end__ - __ospi_device_0_start__)
                0x0000cd48                __ospi_device_0_code_addr__ = (__etext + (__data_end__ - __data_start__))

.ospi_device_0_non_retentive
                0x80020000        0x0 load address 0x0000cd48
                0x80020000                __ospi_device_0_non_retentive_start__ = .
 *(.ospi_device_0_non_retentive*)
                0x80020000                __ospi_device_0_non_retentive_end__ = .
                0x00000000                __ospi_device_0_non_retentive_size__ = (__ospi_device_0_non_retentive_end__ - __ospi_device_0_non_retentive_start__)
                0x08000000                __ospi_device_0_region_max_size__ = 0x8000000
                0x80020000                __ospi_device_0_region_start_address__ = __ospi_device_0_start__
                0x88020000                __ospi_device_0_region_end_address__ = (__ospi_device_0_start__ + __ospi_device_0_region_max_size__)
                0x80020000                __tz_OSPI_DEVICE_0_N = __ospi_device_0_non_retentive_end__
                0x80030000                __tz_OSPI_DEVICE_1_S = ORIGIN (OSPI_DEVICE_1)

.OSPI_DEVICE_1  0x80030000        0x0
                0x80030000                __ospi_device_1_start__ = .
 *(.ospi_device_1*)
 *(.code_in_ospi_device_1*)
                0x80030000                __ospi_device_1_end__ = .
                0x00000000                __ospi_device_1_code_size__ = (__ospi_device_1_end__ - __ospi_device_1_start__)
                0x0000cd48                __ospi_device_1_code_addr__ = (__etext + (__data_end__ - __data_start__))

.ospi_device_1_non_retentive
                0x80030000        0x0 load address 0x0000cd48
                0x80030000                __ospi_device_1_non_retentive_start__ = .
 *(.ospi_device_1_non_retentive*)
                0x80030000                __ospi_device_1_non_retentive_end__ = .
                0x00000000                __ospi_device_1_non_retentive_size__ = (__ospi_device_1_non_retentive_end__ - __ospi_device_1_non_retentive_start__)
                0x10000000                __ospi_device_1_region_max_size__ = 0x10000000
                0x80030000                __ospi_device_1_region_start_address__ = __ospi_device_1_start__
                0x90030000                __ospi_device_1_region_end_address__ = (__ospi_device_1_start__ + __ospi_device_1_region_max_size__)
                0x80030000                __tz_OSPI_DEVICE_1_N = __ospi_device_1_non_retentive_end__

.noinit         0x200048dc       0x14
                0x200048dc                . = ALIGN (0x4)
                0x200048dc                __noinit_start = .
 *(.noinit*)
 .noinit        0x200048dc       0x14 ./ra/fsp/src/bsp/mcu/all/bsp_clocks.o
                0x200048f0                . = ALIGN (0x8)
 *fill*         0x200048f0        0x0 
 *(.heap.*)
                0x200048f0                __noinit_end = .

.bss            0x200048f0      0x4b0
                0x200048f0                . = ALIGN (0x4)
                0x200048f0                __bss_start__ = .
 *(.bss*)
 .bss           0x200048f0       0x1c d:/renesas/ra/e2studio_v2023-04_fsp_v4.4.0/toolchains/gcc_arm/gcc-arm-none-eabi-10.3-2021.10/bin/../lib/gcc/arm-none-eabi/10.3.1/thumb/v8-m.base/nofp/crtbegin.o
 .bss.flash_event
                0x2000490c        0x1 ./src/flash_smg.o
                0x2000490c                flash_event
 .bss.interrupt_called
                0x2000490d        0x1 ./src/flash_smg.o
                0x2000490d                interrupt_called
 *fill*         0x2000490e        0x2 
 .bss.alarm_hour
                0x20004910        0x4 ./src/hal_entry.o
                0x20004910                alarm_hour
 .bss.alarm_min
                0x20004914        0x4 ./src/hal_entry.o
                0x20004914                alarm_min
 .bss.err       0x20004918        0x4 ./src/hal_entry.o
                0x20004918                err
 .bss.flag_adjust
                0x2000491c        0x4 ./src/hal_entry.o
                0x2000491c                flag_adjust
 .bss.flash_flag
                0x20004920        0x1 ./src/hal_entry.o
                0x20004920                flash_flag
 *fill*         0x20004921        0x3 
 .bss.g_src_uint8
                0x20004924        0x6 ./src/hal_entry.o
                0x20004924                g_src_uint8
 *fill*         0x2000492a        0x2 
 .bss.hour      0x2000492c        0x4 ./src/hal_entry.o
                0x2000492c                hour
 .bss.humdity_decimal
                0x20004930        0x1 ./src/hal_entry.o
                0x20004930                humdity_decimal
 .bss.humdity_integer
                0x20004931        0x1 ./src/hal_entry.o
                0x20004931                humdity_integer
 *fill*         0x20004932        0x2 
 .bss.min       0x20004934        0x4 ./src/hal_entry.o
                0x20004934                min
 .bss.num1      0x20004938        0x1 ./src/hal_entry.o
                0x20004938                num1
 .bss.num2      0x20004939        0x1 ./src/hal_entry.o
                0x20004939                num2
 .bss.num3      0x2000493a        0x1 ./src/hal_entry.o
                0x2000493a                num3
 .bss.num4      0x2000493b        0x1 ./src/hal_entry.o
                0x2000493b                num4
 .bss.num_flag  0x2000493c        0x1 ./src/hal_entry.o
                0x2000493c                num_flag
 .bss.qe_sw     0x2000493d        0x1 ./src/hal_entry.o
                0x2000493d                qe_sw
 *fill*         0x2000493e        0x2 
 .bss.qe_sw_num1
                0x20004940        0x4 ./src/hal_entry.o
                0x20004940                qe_sw_num1
 .bss.rtc_alarm_flag
                0x20004944        0x1 ./src/hal_entry.o
                0x20004944                rtc_alarm_flag
 .bss.rtc_flag  0x20004945        0x1 ./src/hal_entry.o
                0x20004945                rtc_flag
 *fill*         0x20004946        0x2 
 .bss.sec       0x20004948        0x4 ./src/hal_entry.o
                0x20004948                sec
 .bss.smg_mode  0x2000494c        0x4 ./src/hal_entry.o
                0x2000494c                smg_mode
 .bss.sw1       0x20004950        0x1 ./src/hal_entry.o
                0x20004950                sw1
 *fill*         0x20004951        0x3 
 .bss.sw1_num1  0x20004954        0x4 ./src/hal_entry.o
                0x20004954                sw1_num1
 .bss.sw2       0x20004958        0x1 ./src/hal_entry.o
                0x20004958                sw2
 *fill*         0x20004959        0x3 
 .bss.sw2_num1  0x2000495c        0x4 ./src/hal_entry.o
                0x2000495c                sw2_num1
 .bss.sw3       0x20004960        0x1 ./src/hal_entry.o
                0x20004960                sw3
 *fill*         0x20004961        0x3 
 .bss.sw3_num1  0x20004964        0x4 ./src/hal_entry.o
                0x20004964                sw3_num1
 .bss.sw4       0x20004968        0x1 ./src/hal_entry.o
                0x20004968                sw4
 *fill*         0x20004969        0x3 
 .bss.sw4_num1  0x2000496c        0x4 ./src/hal_entry.o
                0x2000496c                sw4_num1
 .bss.t_day     0x20004970        0x2 ./src/hal_entry.o
                0x20004970                t_day
 .bss.t_month   0x20004972        0x2 ./src/hal_entry.o
                0x20004972                t_month
 .bss.t_week    0x20004974        0x2 ./src/hal_entry.o
                0x20004974                t_week
 .bss.t_year    0x20004976        0x2 ./src/hal_entry.o
                0x20004976                t_year
 .bss.temp_decimal
                0x20004978        0x1 ./src/hal_entry.o
                0x20004978                temp_decimal
 .bss.temp_integer
                0x20004979        0x1 ./src/hal_entry.o
                0x20004979                temp_integer
 .bss.time_mode_num
                0x2000497a        0x2 ./src/hal_entry.o
                0x2000497a                time_mode_num
 .bss.uart_send_complete_flag
                0x2000497c        0x1 ./src/hal_entry.o
                0x2000497c                uart_send_complete_flag
 *fill*         0x2000497d        0x1 
 .bss.calendar  0x2000497e        0x2 ./src/timer_smg.o
                0x2000497e                calendar
 .bss.count     0x20004980        0x2 ./src/timer_smg.o
                0x20004980                count
 *fill*         0x20004982        0x2 
 .bss.count1    0x20004984        0x4 ./src/timer_smg.o
                0x20004984                count1
 .bss.count2    0x20004988        0x4 ./src/timer_smg.o
                0x20004988                count2
 .bss.countflag
                0x2000498c        0x4 ./src/timer_smg.o
                0x2000498c                countflag
 .bss.maohao    0x20004990        0x2 ./src/timer_smg.o
                0x20004990                maohao
 *fill*         0x20004992        0x2 
 .bss.set_alarm_flag
                0x20004994        0x4 ./src/timer_smg.o
                0x20004994                set_alarm_flag
 .bss.g_ioport_ctrl
                0x20004998        0x8 ./ra_gen/common_data.o
                0x20004998                g_ioport_ctrl
 .bss.g_flash0_ctrl
                0x200049a0       0x38 ./ra_gen/hal_data.o
                0x200049a0                g_flash0_ctrl
 .bss.g_rtc0_ctrl
                0x200049d8       0x18 ./ra_gen/hal_data.o
                0x200049d8                g_rtc0_ctrl
 .bss.g_timer0_ctrl
                0x200049f0       0x20 ./ra_gen/hal_data.o
                0x200049f0                g_timer0_ctrl
 .bss.g_timer1_ctrl
                0x20004a10       0x20 ./ra_gen/hal_data.o
                0x20004a10                g_timer1_ctrl
 .bss.g_uart9_ctrl
                0x20004a30       0x30 ./ra_gen/hal_data.o
                0x20004a30                g_uart9_ctrl
 .bss.g_touch_button_drift_buf
                0x20004a60        0x4 ./ra/fsp/src/rm_touch/rm_touch.o
 .bss.g_touch_button_drift_count
                0x20004a64        0x2 ./ra/fsp/src/rm_touch/rm_touch.o
 *fill*         0x20004a66        0x2 
 .bss.g_touch_button_hysteresis
                0x20004a68        0x2 ./ra/fsp/src/rm_touch/rm_touch.o
 .bss.g_touch_button_index
                0x20004a6a        0x1 ./ra/fsp/src/rm_touch/rm_touch.o
 *fill*         0x20004a6b        0x1 
 .bss.g_touch_button_off_count
                0x20004a6c        0x2 ./ra/fsp/src/rm_touch/rm_touch.o
 *fill*         0x20004a6e        0x2 
 .bss.g_touch_button_on_count
                0x20004a70        0x2 ./ra/fsp/src/rm_touch/rm_touch.o
 *fill*         0x20004a72        0x2 
 .bss.g_touch_button_reference
                0x20004a74        0x2 ./ra/fsp/src/rm_touch/rm_touch.o
 *fill*         0x20004a76        0x2 
 .bss.g_touch_button_threshold
                0x20004a78        0x2 ./ra/fsp/src/rm_touch/rm_touch.o
 *fill*         0x20004a7a        0x2 
 .bss.g_touch_monitor_buf
                0x20004a7c       0x41 ./ra/fsp/src/rm_touch/rm_touch.o
 .bss.g_touch_monitor_id
                0x20004abd        0x1 ./ra/fsp/src/rm_touch/rm_touch.o
 *fill*         0x20004abe        0x2 
 .bss.g_touch_monitor_size
                0x20004ac0       0x10 ./ra/fsp/src/rm_touch/rm_touch.o
 .bss.gp_touch_isr_context
                0x20004ad0        0x4 ./ra/fsp/src/rm_touch/rm_touch.o
                0x20004ad0                gp_touch_isr_context
 .bss.g_ctsu_correction_info
                0x20004ad4       0x98 ./ra/fsp/src/r_ctsu/r_ctsu.o
 .bss.g_ctsu_ctsuwr
                0x20004b6c        0xc ./ra/fsp/src/r_ctsu/r_ctsu.o